Component: ARM Compiler 6.16 Tool: armlink [5dfeaa00]

==============================================================================

Section Cross References

    main.o(.text) refers (Special) to _printf_c.o(.ARM.Collect$$_printf_percent$$00000013) for _printf_c
    main.o(.text) refers (Special) to _printf_d.o(.ARM.Collect$$_printf_percent$$00000009) for _printf_d
    main.o(.text) refers (Special) to _printf_i.o(.ARM.Collect$$_printf_percent$$00000008) for _printf_i
    main.o(.text) refers (Special) to _printf_dec.o(.text) for _printf_int_dec
    main.o(.text) refers (Special) to _printf_lc.o(.ARM.Collect$$_printf_percent$$00000015) for _printf_lc
    main.o(.text) refers (Special) to _printf_hex_int.o(.text) for _printf_longlong_hex
    main.o(.text) refers (Special) to _printf_oct_int.o(.text) for _printf_longlong_oct
    main.o(.text) refers (Special) to _printf_o.o(.ARM.Collect$$_printf_percent$$0000000B) for _printf_o
    main.o(.text) refers (Special) to _printf_percent.o(.ARM.Collect$$_printf_percent$$00000000) for _printf_percent
    main.o(.text) refers (Special) to _printf_pad.o(.text) for _printf_pre_padding
    main.o(.text) refers (Special) to _printf_str.o(.text) for _printf_str
    main.o(.text) refers (Special) to _printf_truncate.o(.text) for _printf_truncate_signed
    main.o(.text) refers (Special) to _printf_u.o(.ARM.Collect$$_printf_percent$$0000000A) for _printf_u
    main.o(.text) refers (Special) to _printf_wctomb.o(.text) for _printf_wctomb
    main.o(.text) refers (Special) to _printf_x.o(.ARM.Collect$$_printf_percent$$0000000C) for _printf_x
    main.o(.text.SysTick_Init) refers (Special) to _printf_c.o(.ARM.Collect$$_printf_percent$$00000013) for _printf_c
    main.o(.text.SysTick_Init) refers (Special) to _printf_d.o(.ARM.Collect$$_printf_percent$$00000009) for _printf_d
    main.o(.text.SysTick_Init) refers (Special) to _printf_i.o(.ARM.Collect$$_printf_percent$$00000008) for _printf_i
    main.o(.text.SysTick_Init) refers (Special) to _printf_dec.o(.text) for _printf_int_dec
    main.o(.text.SysTick_Init) refers (Special) to _printf_lc.o(.ARM.Collect$$_printf_percent$$00000015) for _printf_lc
    main.o(.text.SysTick_Init) refers (Special) to _printf_hex_int.o(.text) for _printf_longlong_hex
    main.o(.text.SysTick_Init) refers (Special) to _printf_oct_int.o(.text) for _printf_longlong_oct
    main.o(.text.SysTick_Init) refers (Special) to _printf_o.o(.ARM.Collect$$_printf_percent$$0000000B) for _printf_o
    main.o(.text.SysTick_Init) refers (Special) to _printf_percent.o(.ARM.Collect$$_printf_percent$$00000000) for _printf_percent
    main.o(.text.SysTick_Init) refers (Special) to _printf_pad.o(.text) for _printf_pre_padding
    main.o(.text.SysTick_Init) refers (Special) to _printf_str.o(.text) for _printf_str
    main.o(.text.SysTick_Init) refers (Special) to _printf_truncate.o(.text) for _printf_truncate_signed
    main.o(.text.SysTick_Init) refers (Special) to _printf_u.o(.ARM.Collect$$_printf_percent$$0000000A) for _printf_u
    main.o(.text.SysTick_Init) refers (Special) to _printf_wctomb.o(.text) for _printf_wctomb
    main.o(.text.SysTick_Init) refers (Special) to _printf_x.o(.ARM.Collect$$_printf_percent$$0000000C) for _printf_x
    main.o(.text.SysTick_Init) refers to aeabi_sdivfast.o(.text_divfast) for __aeabi_uidiv
    main.o(.text.SysTick_Init) refers to main.o(.text.SysTick_Config) for SysTick_Config
    main.o(.text.SysTick_Init) refers to system_mkl05z4.o(.data.SystemCoreClock) for SystemCoreClock
    main.o(.ARM.exidx.text.SysTick_Init) refers (Special) to _printf_c.o(.ARM.Collect$$_printf_percent$$00000013) for _printf_c
    main.o(.ARM.exidx.text.SysTick_Init) refers (Special) to _printf_d.o(.ARM.Collect$$_printf_percent$$00000009) for _printf_d
    main.o(.ARM.exidx.text.SysTick_Init) refers (Special) to _printf_i.o(.ARM.Collect$$_printf_percent$$00000008) for _printf_i
    main.o(.ARM.exidx.text.SysTick_Init) refers (Special) to _printf_dec.o(.text) for _printf_int_dec
    main.o(.ARM.exidx.text.SysTick_Init) refers (Special) to _printf_lc.o(.ARM.Collect$$_printf_percent$$00000015) for _printf_lc
    main.o(.ARM.exidx.text.SysTick_Init) refers (Special) to _printf_hex_int.o(.text) for _printf_longlong_hex
    main.o(.ARM.exidx.text.SysTick_Init) refers (Special) to _printf_oct_int.o(.text) for _printf_longlong_oct
    main.o(.ARM.exidx.text.SysTick_Init) refers (Special) to _printf_o.o(.ARM.Collect$$_printf_percent$$0000000B) for _printf_o
    main.o(.ARM.exidx.text.SysTick_Init) refers (Special) to _printf_percent.o(.ARM.Collect$$_printf_percent$$00000000) for _printf_percent
    main.o(.ARM.exidx.text.SysTick_Init) refers (Special) to _printf_pad.o(.text) for _printf_pre_padding
    main.o(.ARM.exidx.text.SysTick_Init) refers (Special) to _printf_str.o(.text) for _printf_str
    main.o(.ARM.exidx.text.SysTick_Init) refers (Special) to _printf_truncate.o(.text) for _printf_truncate_signed
[...]
    libinit.o(.ARM.Collect$$libinit$$00000000) refers (Special) to libinit2.o(.ARM.Collect$$libinit$$0000000A) for __rt_lib_init_heap_1
    libinit.o(.ARM.Collect$$libinit$$00000000) refers (Special) to libinit2.o(.ARM.Collect$$libinit$$00000011) for __rt_lib_init_lc_collate_1
    libinit.o(.ARM.Collect$$libinit$$00000000) refers (Special) to libinit2.o(.ARM.Collect$$libinit$$00000013) for __rt_lib_init_lc_ctype_1
    libinit.o(.ARM.Collect$$libinit$$00000000) refers (Special) to libinit2.o(.ARM.Collect$$libinit$$00000015) for __rt_lib_init_lc_monetary_1
    libinit.o(.ARM.Collect$$libinit$$00000000) refers (Special) to libinit2.o(.ARM.Collect$$libinit$$00000017) for __rt_lib_init_lc_numeric_1
    libinit.o(.ARM.Collect$$libinit$$00000000) refers (Special) to libinit2.o(.ARM.Collect$$libinit$$00000019) for __rt_lib_init_lc_time_1
    libinit.o(.ARM.Collect$$libinit$$00000000) refers (Special) to libinit2.o(.ARM.Collect$$libinit$$00000004) for __rt_lib_init_preinit_1
    libinit.o(.ARM.Collect$$libinit$$00000000) refers (Special) to libinit2.o(.ARM.Collect$$libinit$$0000000E) for __rt_lib_init_rand_1
    libinit.o(.ARM.Collect$$libinit$$00000000) refers (Special) to libinit2.o(.ARM.Collect$$libinit$$00000033) for __rt_lib_init_return
    libinit.o(.ARM.Collect$$libinit$$00000000) refers (Special) to libinit2.o(.ARM.Collect$$libinit$$0000001D) for __rt_lib_init_signal_1
    libinit.o(.ARM.Collect$$libinit$$00000000) refers (Special) to libinit2.o(.ARM.Collect$$libinit$$00000025) for __rt_lib_init_stdio_1
    libinit.o(.ARM.Collect$$libinit$$00000000) refers (Special) to libinit2.o(.ARM.Collect$$libinit$$0000000C) for __rt_lib_init_user_alloc_1
    sys_command.o(.text) refers (Special) to use_no_semi.o(.text) for __I$use$semihosting
    sys_command.o(.text) refers (Special) to indicate_semi.o(.text) for __semihosting_library_function
    sys_command_hlt.o(.text) refers (Special) to use_no_semi.o(.text) for __I$use$semihosting
    sys_command_hlt.o(.text) refers (Special) to indicate_semi.o(.text) for __semihosting_library_function
    libspace.o(.text) refers to libspace.o(.bss) for __libspace_start
    rtexit.o(.ARM.Collect$$rtexit$$00000000) refers (Special) to rtexit2.o(.ARM.Collect$$rtexit$$00000004) for __rt_exit_exit
    rtexit.o(.ARM.Collect$$rtexit$$00000000) refers (Special) to rtexit2.o(.ARM.Collect$$rtexit$$00000003) for __rt_exit_ls
    rtexit.o(.ARM.Collect$$rtexit$$00000000) refers (Special) to rtexit2.o(.ARM.Collect$$rtexit$$00000002) for __rt_exit_prels_1
    rtexit.o(.ARM.exidx) refers (Special) to rtexit2.o(.ARM.Collect$$rtexit$$00000004) for __rt_exit_exit
    rtexit.o(.ARM.exidx) refers (Special) to rtexit2.o(.ARM.Collect$$rtexit$$00000003) for __rt_exit_ls
    rtexit.o(.ARM.exidx) refers (Special) to rtexit2.o(.ARM.Collect$$rtexit$$00000002) for __rt_exit_prels_1
    rtexit.o(.ARM.exidx) refers to rtexit.o(.ARM.Collect$$rtexit$$00000000) for .ARM.Collect$$rtexit$$00000000
    rt_raise.o(.text) refers to __raise.o(.text) for __raise
    rt_raise.o(.text) refers to sys_exit.o(.text) for _sys_exit
    defsig_exit.o(.text) refers to sys_exit.o(.text) for _sys_exit
    defsig_fpe_inner.o(.text) refers to defsig_general.o(.text) for __default_signal_display
    defsig_rtmem_outer.o(.text) refers to defsig_rtmem_inner.o(.text) for __rt_SIGRTMEM_inner
    defsig_rtmem_outer.o(.text) refers to defsig_exit.o(.text) for __sig_exit
    defsig_rtmem_formal.o(.text) refers to rt_raise.o(.text) for __rt_raise
    sys_exit.o(.text) refers (Special) to use_no_semi.o(.text) for __I$use$semihosting
    sys_exit.o(.text) refers (Special) to indicate_semi.o(.text) for __semihosting_library_function
    sys_exit_hlt.o(.text) refers (Special) to use_no_semi.o(.text) for __I$use$semihosting
    sys_exit_hlt.o(.text) refers (Special) to indicate_semi.o(.text) for __semihosting_library_function
    rtexit2.o(.ARM.Collect$$rtexit$$00000003) refers to libshutdown.o(.ARM.Collect$$libshutdown$$00000000) for __rt_lib_shutdown
    rtexit2.o(.ARM.Collect$$rtexit$$00000004) refers to sys_exit.o(.text) for _sys_exit
    rtexit2.o(.ARM.exidx) refers to rtexit2.o(.ARM.Collect$$rtexit$$00000001) for .ARM.Collect$$rtexit$$00000001
    rtexit2.o(.ARM.exidx) refers to rtexit2.o(.ARM.Collect$$rtexit$$00000003) for .ARM.Collect$$rtexit$$00000003
    rtexit2.o(.ARM.exidx) refers to rtexit2.o(.ARM.Collect$$rtexit$$00000004) for .ARM.Collect$$rtexit$$00000004
    __raise.o(.text) refers to defsig.o(CL$$defsig) for __default_signal_handler
    defsig_general.o(.text) refers to sys_wrch.o(.text) for _ttywrch
    defsig_rtmem_inner.o(.text) refers to defsig_general.o(.text) for __default_signal_display
    sys_wrch.o(.text) refers (Special) to use_no_semi.o(.text) for __I$use$semihosting
    sys_wrch.o(.text) refers (Special) to indicate_semi.o(.text) for __semihosting_library_function
    sys_wrch_hlt.o(.text) refers (Special) to use_no_semi.o(.text) for __I$use$semihosting
    sys_wrch_hlt.o(.text) refers (Special) to indicate_semi.o(.text) for __semihosting_library_function
    defsig.o(CL$$defsig) refers to defsig_fpe_inner.o(.text) for __rt_SIGFPE_inner
    defsig.o(CL$$defsig) refers to defsig_rtmem_inner.o(.text) for __rt_SIGRTMEM_inner
    libshutdown.o(.ARM.Collect$$libshutdown$$00000000) refers (Special) to libshutdown2.o(.ARM.Collect$$libshutdown$$00000002) for __rt_lib_shutdown_cpp_1
    libshutdown.o(.ARM.Collect$$libshutdown$$00000000) refers (Special) to libshutdown2.o(.ARM.Collect$$libshutdown$$00000007) for __rt_lib_shutdown_fp_trap_1
    libshutdown.o(.ARM.Collect$$libshutdown$$00000000) refers (Special) to libshutdown2.o(.ARM.Collect$$libshutdown$$0000000F) for __rt_lib_shutdown_heap_1
    libshutdown.o(.ARM.Collect$$libshutdown$$00000000) refers (Special) to libshutdown2.o(.ARM.Collect$$libshutdown$$00000010) for __rt_lib_shutdown_return
    libshutdown.o(.ARM.Collect$$libshutdown$$00000000) refers (Special) to libshutdown2.o(.ARM.Collect$$libshutdown$$0000000A) for __rt_lib_shutdown_signal_1
    libshutdown.o(.ARM.Collect$$libshutdown$$00000000) refers (Special) to libshutdown2.o(.ARM.Collect$$libshutdown$$00000004) for __rt_lib_shutdown_stdio_1
    libshutdown.o(.ARM.Collect$$libshutdown$$00000000) refers (Special) to libshutdown2.o(.ARM.Collect$$libshutdown$$0000000C) for __rt_lib_shutdown_user_alloc_1
    defsig_abrt_inner.o(.text) refers to defsig_general.o(.text) for __default_signal_display
    defsig_rtred_inner.o(.text) refers to defsig_general.o(.text) for __default_signal_display
    defsig_stak_inner.o(.text) refers to defsig_general.o(.text) for __default_signal_display
    defsig_pvfn_inner.o(.text) refers to defsig_general.o(.text) for __default_signal_display
    defsig_cppl_inner.o(.text) refers to defsig_general.o(.text) for __default_signal_display
    defsig_segv_inner.o(.text) refers to defsig_general.o(.text) for __default_signal_display
    defsig_other.o(.text) refers to defsig_general.o(.text) for __default_signal_display


==============================================================================

Removing Unused input sections from the image.

    Removing main.o(.text), (0 bytes).
    Removing main.o(.ARM.exidx.text.SysTick_Init), (8 bytes).
    Removing main.o(.ARM.exidx.text.SysTick_Config), (8 bytes).
    Removing main.o(.ARM.exidx.text.SysTick_Handler), (8 bytes).
    Removing main.o(.ARM.exidx.text.Delay_SysTick_ms), (8 bytes).
    Removing main.o(.ARM.exidx.text.PlayStartSignal), (8 bytes).
    Removing main.o(.ARM.exidx.text.RestartGame), (8 bytes).
    Removing main.o(.ARM.exidx.text.main), (8 bytes).
    Removing main.o(.ARM.exidx.text.__NVIC_SetPriority), (8 bytes).
    Removing main.o(.ARM.use_no_argv), (4 bytes).
    Removing lcd1602.o(.text), (0 bytes).
    Removing lcd1602.o(.ARM.exidx.text.LCD1602_Init), (8 bytes).
    Removing lcd1602.o(.ARM.exidx.text.LCD1602_CheckAddress), (8 bytes).
    Removing lcd1602.o(.ARM.exidx.text.LCD1602_Write8), (8 bytes).
    Removing lcd1602.o(.text.LCD1602_Blink_On), (12 bytes).
    Removing lcd1602.o(.ARM.exidx.text.LCD1602_Blink_On), (8 bytes).
    Removing lcd1602.o(.text.LCD1602_Blink_Off), (12 bytes).
    Removing lcd1602.o(.ARM.exidx.text.LCD1602_Blink_Off), (8 bytes).
    Removing lcd1602.o(.text.LCD1602_Blink_Off_Cursor_On), (12 bytes).
    Removing lcd1602.o(.ARM.exidx.text.LCD1602_Blink_Off_Cursor_On), (8 bytes).
    Removing lcd1602.o(.text.LCD1602_SetCursor), (30 bytes).
    Removing lcd1602.o(.ARM.exidx.text.LCD1602_SetCursor), (8 bytes).
    Removing lcd1602.o(.ARM.exidx.text.LCD1602_ClearAll), (8 bytes).
    Removing lcd1602.o(.ARM.exidx.text.LCD1602_Print), (8 bytes).
    Removing lcd1602.o(.text.LCD1602_PrintNum), (44 bytes).
    Removing lcd1602.o(.ARM.exidx.text.LCD1602_PrintNum), (8 bytes).
    Removing lcd1602.o(.text.itoa), (118 bytes).
    Removing lcd1602.o(.ARM.exidx.text.itoa), (8 bytes).
    Removing lcd1602.o(.ARM.exidx.text.LCD1602_Backlight), (8 bytes).
    Removing lcd1602.o(.ARM.exidx.text.PCF8574_Write), (8 bytes).
    Removing lcd1602.o(.ARM.exidx.text.LCD1602_Write4), (8 bytes).
    Removing lcd1602.o(.ARM.exidx.text.LCD1602_BF_AC), (8 bytes).
    Removing lcd1602.o(.text.LCD1602_PL_CH), (196 bytes).
    Removing lcd1602.o(.ARM.exidx.text.LCD1602_PL_CH), (8 bytes).
    Removing lcd1602.o(.text.LCD1602_PrintPL), (136 bytes).
    Removing lcd1602.o(.ARM.exidx.text.LCD1602_PrintPL), (8 bytes).
    Removing lcd1602.o(.data.PL_CH_a_), (8 bytes).
    Removing lcd1602.o(.data.PL_CH_c_), (8 bytes).
    Removing lcd1602.o(.data.PL_CH_e_), (8 bytes).
    Removing lcd1602.o(.data.PL_CH_l_), (8 bytes).
    Removing lcd1602.o(.data.PL_CH_n_), (8 bytes).
    Removing lcd1602.o(.data.PL_CH_o_), (8 bytes).
    Removing lcd1602.o(.data.PL_CH_s_), (8 bytes).
    Removing lcd1602.o(.data.PL_CH_z_), (8 bytes).
    Removing lcd1602.o(.data.PL_CH_z__), (8 bytes).
    Removing tpm.o(.text), (0 bytes).
    Removing tpm.o(.ARM.exidx.text.TPM_Init), (8 bytes).
    Removing tpm.o(.ARM.exidx.text.__NVIC_EnableIRQ), (8 bytes).
    Removing tpm.o(.text.TPM_Reset), (16 bytes).
    Removing tpm.o(.ARM.exidx.text.TPM_Reset), (8 bytes).
    Removing tpm.o(.text.TPM_GetTime_ms), (16 bytes).
    Removing tpm.o(.ARM.exidx.text.TPM_GetTime_ms), (8 bytes).
    Removing tpm.o(.ARM.exidx.text.TPM0_IRQHandler), (8 bytes).
    Removing buttons.o(.text), (0 bytes).
    Removing buttons.o(.ARM.exidx.text.Buttons_Init), (8 bytes).
    Removing buttons.o(.ARM.exidx.text.IsButtonPressed), (8 bytes).
    Removing i2c.o(.text), (0 bytes).
    Removing i2c.o(.ARM.exidx.text.I2C_Init), (8 bytes).
    Removing i2c.o(.text.I2C_Ping), (52 bytes).
    Removing i2c.o(.ARM.exidx.text.I2C_Ping), (8 bytes).
    Removing i2c.o(.ARM.exidx.text.i2c_enable), (8 bytes).
    Removing i2c.o(.ARM.exidx.text.i2c_tran), (8 bytes).
    Removing i2c.o(.ARM.exidx.text.i2c_m_start), (8 bytes).
    Removing i2c.o(.ARM.exidx.text.i2c_send), (8 bytes).
    Removing i2c.o(.ARM.exidx.text.i2c_wait), (8 bytes).
    Removing i2c.o(.ARM.exidx.text.i2c_m_stop), (8 bytes).
    Removing i2c.o(.ARM.exidx.text.i2c_disable), (8 bytes).
    Removing i2c.o(.ARM.exidx.text.I2C_Write), (8 bytes).
    Removing i2c.o(.ARM.exidx.text.I2C_Read), (8 bytes).
    Removing i2c.o(.ARM.exidx.text.i2c_rec), (8 bytes).
    Removing i2c.o(.ARM.exidx.text.i2c_nack), (8 bytes).
    Removing i2c.o(.ARM.exidx.text.i2c_recv), (8 bytes).
    Removing i2c.o(.text.I2C_WriteReg), (80 bytes).
    Removing i2c.o(.ARM.exidx.text.I2C_WriteReg), (8 bytes).
    Removing i2c.o(.text.I2C_ReadReg), (120 bytes).
    Removing i2c.o(.ARM.exidx.text.I2C_ReadReg), (8 bytes).
    Removing i2c.o(.ARM.exidx.text.i2c_clr_IICIF), (8 bytes).
    Removing i2c.o(.text.i2c_m_rstart), (24 bytes).
    Removing i2c.o(.ARM.exidx.text.i2c_m_rstart), (8 bytes).
    Removing i2c.o(.text.I2C_ReadRegBlock), (176 bytes).
    Removing i2c.o(.ARM.exidx.text.I2C_ReadRegBlock), (8 bytes).
    Removing i2c.o(.text.i2c_ack), (16 bytes).
    Removing i2c.o(.ARM.exidx.text.i2c_ack), (8 bytes).
    Removing system_mkl05z4.o(.text), (0 bytes).
    Removing system_mkl05z4.o(.ARM.exidx.text.SystemInit), (8 bytes).
    Removing system_mkl05z4.o(.text.SystemCoreClockUpdate), (184 bytes).
    Removing system_mkl05z4.o(.ARM.exidx.text.SystemCoreClockUpdate), (8 bytes).

87 unused section(s) (total 1752 bytes) removed from the image.

==============================================================================

Image Symbol Table

    Local Symbols

    Symbol Name                              Value     Ov Type        Size  Object(Section)

    ../clib/angel/boardlib.s                 0x00000000   Number         0  boardinit1.o ABSOLUTE
    ../clib/angel/boardlib.s                 0x00000000   Number         0  boardinit2.o ABSOLUTE
    ../clib/angel/boardlib.s                 0x00000000   Number         0  boardinit3.o ABSOLUTE
    ../clib/angel/boardlib.s                 0x00000000   Number         0  boardshut.o ABSOLUTE
    ../clib/angel/handlers.s                 0x00000000   Number         0  __scatter_copy.o ABSOLUTE
    ../clib/angel/handlers.s                 0x00000000   Number         0  __scatter_zi.o ABSOLUTE
    ../clib/angel/kernel.s                   0x00000000   Number         0  __rtentry.o ABSOLUTE
    ../clib/angel/kernel.s                   0x00000000   Number         0  __rtentry2.o ABSOLUTE
    ../clib/angel/kernel.s                   0x00000000   Number         0  __rtentry4.o ABSOLUTE
    ../clib/angel/kernel.s                   0x00000000   Number         0  rtexit.o ABSOLUTE
    ../clib/angel/kernel.s                   0x00000000   Number         0  rtexit2.o ABSOLUTE
    ../clib/angel/rt.s                       0x00000000   Number         0  aeabi_idiv0.o ABSOLUTE
    ../clib/angel/rt.s                       0x00000000   Number         0  aeabi_idiv0_sigfpe.o ABSOLUTE
    ../clib/angel/rt.s                       0x00000000   Number         0  rt_ctype_table.o ABSOLUTE
    ../clib/angel/rt.s                       0x00000000   Number         0  rt_div0.o ABSOLUTE
    ../clib/angel/rt.s                       0x00000000   Number         0  rt_locale.o ABSOLUTE
    ../clib/angel/rt.s                       0x00000000   Number         0  rt_locale_intlibspace.o ABSOLUTE
    ../clib/angel/rt.s                       0x00000000   Number         0  rt_raise.o ABSOLUTE
    ../clib/angel/scatterp.s                 0x00000000   Number         0  __scatter.o ABSOLUTE
    ../clib/angel/startup.s                  0x00000000   Number         0  __main.o ABSOLUTE
    ../clib/angel/sys.s                      0x00000000   Number         0  sys_stackheap_outer.o ABSOLUTE
    ../clib/angel/sys.s                      0x00000000   Number         0  libspace.o ABSOLUTE
    ../clib/angel/sys.s                      0x00000000   Number         0  tempstk.o ABSOLUTE
    ../clib/angel/sys.s                      0x00000000   Number         0  use_no_semi.o ABSOLUTE
    ../clib/angel/sys.s                      0x00000000   Number         0  indicate_semi.o ABSOLUTE
    ../clib/angel/sysapp.c                   0x00000000   Number         0  sys_command.o ABSOLUTE
    ../clib/angel/sysapp.c                   0x00000000   Number         0  sys_command_hlt.o ABSOLUTE
    ../clib/angel/sysapp.c                   0x00000000   Number         0  sys_exit.o ABSOLUTE
    ../clib/angel/sysapp.c                   0x00000000   Number         0  sys_exit_hlt.o ABSOLUTE
    ../clib/angel/sysapp.c                   0x00000000   Number         0  sys_wrch.o ABSOLUTE
    ../clib/angel/sysapp.c                   0x00000000   Number         0  sys_wrch_hlt.o ABSOLUTE
    ../clib/armsys.c                         0x00000000   Number         0  argv_veneer.o ABSOLUTE
    ../clib/armsys.c                         0x00000000   Number         0  _get_argv_nomalloc.o ABSOLUTE
    ../clib/armsys.c                         0x00000000   Number         0  no_argv.o ABSOLUTE
    ../clib/division.c                       0x00000000   Number         0  rtudiv10.o ABSOLUTE
    ../clib/division.s                       0x00000000   Number         0  aeabi_sdivfast.o ABSOLUTE
    ../clib/division.s                       0x00000000   Number         0  aeabi_sdivfast_div0.o ABSOLUTE
    ../clib/heapalloc.c                      0x00000000   Number         0  hrguard.o ABSOLUTE
    ../clib/heapaux.c                        0x00000000   Number         0  heapauxi.o ABSOLUTE
    ../clib/libinit.s                        0x00000000   Number         0  libinit2.o ABSOLUTE
    ../clib/libinit.s                        0x00000000   Number         0  libinit.o ABSOLUTE
    ../clib/libinit.s                        0x00000000   Number         0  libshutdown.o ABSOLUTE
    ../clib/libinit.s                        0x00000000   Number         0  libshutdown2.o ABSOLUTE
    ../clib/locale.c                         0x00000000   Number         0  _c16rtomb.o ABSOLUTE
    ../clib/locale.s                         0x00000000   Number         0  lc_ctype_c.o ABSOLUTE
    ../clib/memcpset.s                       0x00000000   Number         0  strcmpv6m.o ABSOLUTE
    ../clib/misc.s                           0x00000000   Number         0  printf_stubs.o ABSOLUTE
    ../clib/printf.c                         0x00000000   Number         0  __2sprintf.o ABSOLUTE
    ../clib/printf.c                         0x00000000   Number         0  noretval__2sprintf.o ABSOLUTE
    ../clib/printf.c                         0x00000000   Number         0  __printf.o ABSOLUTE
    ../clib/printf.c                         0x00000000   Number         0  _printf_pad.o ABSOLUTE
    ../clib/printf.c                         0x00000000   Number         0  _printf_truncate.o ABSOLUTE
    ../clib/printf.c                         0x00000000   Number         0  _printf_str.o ABSOLUTE
    ../clib/printf.c                         0x00000000   Number         0  _printf_dec.o ABSOLUTE
    ../clib/printf.c                         0x00000000   Number         0  _printf_wctomb.o ABSOLUTE
    ../clib/printf.c                         0x00000000   Number         0  _printf_oct_ll.o ABSOLUTE
    ../clib/printf.c                         0x00000000   Number         0  _printf_oct_int.o ABSOLUTE
    ../clib/printf.c                         0x00000000   Number         0  _printf_oct_int_ll.o ABSOLUTE
    ../clib/printf.c                         0x00000000   Number         0  _printf_hex_ll.o ABSOLUTE
    ../clib/printf.c                         0x00000000   Number         0  _printf_hex_int.o ABSOLUTE
    ../clib/printf.c                         0x00000000   Number         0  _printf_hex_int_ll.o ABSOLUTE
    ../clib/printf.c                         0x00000000   Number         0  _printf_hex_ptr.o ABSOLUTE
    ../clib/printf.c                         0x00000000   Number         0  _printf_hex_int_ptr.o ABSOLUTE
    ../clib/printf.c                         0x00000000   Number         0  _printf_hex_ll_ptr.o ABSOLUTE
    ../clib/printf.c                         0x00000000   Number         0  _printf_hex_int_ll_ptr.o ABSOLUTE
    ../clib/printf.c                         0x00000000   Number         0  __printf_flags.o ABSOLUTE
    ../clib/printf.c                         0x00000000   Number         0  __printf_ss.o ABSOLUTE
    ../clib/printf.c                         0x00000000   Number         0  __printf_flags_ss.o ABSOLUTE
    ../clib/printf.c                         0x00000000   Number         0  __printf_wp.o ABSOLUTE
    ../clib/printf.c                         0x00000000   Number         0  __printf_flags_wp.o ABSOLUTE
    ../clib/printf.c                         0x00000000   Number         0  __printf_ss_wp.o ABSOLUTE
    ../clib/printf.c                         0x00000000   Number         0  __printf_flags_ss_wp.o ABSOLUTE
    ../clib/printf.c                         0x00000000   Number         0  _printf_intcommon.o ABSOLUTE
    ../clib/printf.c                         0x00000000   Number         0  _printf_char_common.o ABSOLUTE
    ../clib/printf.c                         0x00000000   Number         0  _sputc.o ABSOLUTE
    ../clib/printf.c                         0x00000000   Number         0  _printf_char.o ABSOLUTE
    ../clib/printf.c                         0x00000000   Number         0  _printf_wchar.o ABSOLUTE
    ../clib/printf.c                         0x00000000   Number         0  __printf_nopercent.o ABSOLUTE
    ../clib/printf_percent.s                 0x00000000   Number         0  _printf_c.o ABSOLUTE
    ../clib/printf_percent.s                 0x00000000   Number         0  _printf_x.o ABSOLUTE
    ../clib/printf_percent.s                 0x00000000   Number         0  _printf_o.o ABSOLUTE
    ../clib/printf_percent.s                 0x00000000   Number         0  _printf_i.o ABSOLUTE
    ../clib/printf_percent.s                 0x00000000   Number         0  _printf_d.o ABSOLUTE
    ../clib/printf_percent.s                 0x00000000   Number         0  _printf_u.o ABSOLUTE
    ../clib/printf_percent.s                 0x00000000   Number         0  _printf_percent.o ABSOLUTE
    ../clib/printf_percent.s                 0x00000000   Number         0  _printf_lc.o ABSOLUTE
    ../clib/printf_percent.s                 0x00000000   Number         0  _printf_percent_end.o ABSOLUTE
    ../clib/printf_percent.s                 0x00000000   Number         0  _printf_l.o ABSOLUTE
    ../clib/signal.c                         0x00000000   Number         0  defsig_fpe_outer.o ABSOLUTE
    ../clib/signal.c                         0x00000000   Number         0  defsig_fpe_formal.o ABSOLUTE
    ../clib/signal.c                         0x00000000   Number         0  defsig_exit.o ABSOLUTE
    ../clib/signal.c                         0x00000000   Number         0  defsig_fpe_inner.o ABSOLUTE
    ../clib/signal.c                         0x00000000   Number         0  defsig_rtmem_outer.o ABSOLUTE
    ../clib/signal.c                         0x00000000   Number         0  defsig_rtmem_formal.o ABSOLUTE
    ../clib/signal.c                         0x00000000   Number         0  __raise.o ABSOLUTE
    ../clib/signal.c                         0x00000000   Number         0  defsig_general.o ABSOLUTE
    ../clib/signal.c                         0x00000000   Number         0  defsig_rtmem_inner.o ABSOLUTE
    ../clib/signal.c                         0x00000000   Number         0  defsig_abrt_inner.o ABSOLUTE
    ../clib/signal.c                         0x00000000   Number         0  defsig_rtred_inner.o ABSOLUTE
    ../clib/signal.c                         0x00000000   Number         0  defsig_stak_inner.o ABSOLUTE
    ../clib/signal.c                         0x00000000   Number         0  defsig_pvfn_inner.o ABSOLUTE
    ../clib/signal.c                         0x00000000   Number         0  defsig_cppl_inner.o ABSOLUTE
    ../clib/signal.c                         0x00000000   Number         0  defsig_segv_inner.o ABSOLUTE
    ../clib/signal.c                         0x00000000   Number         0  defsig_other.o ABSOLUTE
    ../clib/signal.s                         0x00000000   Number         0  defsig.o ABSOLUTE
    ../clib/stdlib.c                         0x00000000   Number         0  rand.o ABSOLUTE
    ../clib/stdlib.c                         0x00000000   Number         0  rand.o ABSOLUTE
    ../clib/stdlib.c                         0x00000000   Number         0  exit.o ABSOLUTE
    ../fplib/cfplib/fpinit.c                 0x00000000   Number         0  fpinit.o ABSOLUTE
    RTE/Device/MKL05Z32xxx4/startup_MKL05Z4.s 0x00000000   Number         0  startup_mkl05z4.o ABSOLUTE
    buttons.c                                0x00000000   Number         0  buttons.o ABSOLUTE
    dc.s                                     0x00000000   Number         0  dc.o ABSOLUTE
    i2c.c                                    0x00000000   Number         0  i2c.o ABSOLUTE
    lcd1602.c                                0x00000000   Number         0  lcd1602.o ABSOLUTE
    main.c                                   0x00000000   Number         0  main.o ABSOLUTE
    system_MKL05Z4.c                         0x00000000   Number         0  system_mkl05z4.o ABSOLUTE
    tpm.c                                    0x00000000   Number         0  tpm.o ABSOLUTE
    RESET                                    0x00000000   Section      192  startup_mkl05z4.o(RESET)
    !!!main                                  0x000000c0   Section        8  __main.o(!!!main)
    !!!scatter                               0x000000c8   Section       60  __scatter.o(!!!scatter)
    !!handler_copy                           0x00000104   Section       26  __scatter_copy.o(!!handler_copy)
    !!handler_zi                             0x00000120   Section       28  __scatter_zi.o(!!handler_zi)
    .ARM.Collect$$_printf_percent$$00000000  0x0000013c   Section        2  _printf_percent.o(.ARM.Collect$$_printf_percent$$00000000)
    .ARM.Collect$$_printf_percent$$00000008  0x0000013e   Section       10  _printf_i.o(.ARM.Collect$$_printf_percent$$00000008)
    .ARM.Collect$$_printf_percent$$00000009  0x00000148   Section       10  _printf_d.o(.ARM.Collect$$_printf_percent$$00000009)
    .ARM.Collect$$_printf_percent$$0000000A  0x00000152   Section       10  _printf_u.o(.ARM.Collect$$_printf_percent$$0000000A)
    .ARM.Collect$$_printf_percent$$0000000B  0x0000015c   Section       10  _printf_o.o(.ARM.Collect$$_printf_percent$$0000000B)
    .ARM.Collect$$_printf_percent$$0000000C  0x00000166   Section       10  _printf_x.o(.ARM.Collect$$_printf_percent$$0000000C)
    .ARM.Collect$$_printf_percent$$00000012  0x00000170   Section       10  _printf_l.o(.ARM.Collect$$_printf_percent$$00000012)
    .ARM.Collect$$_printf_percent$$00000013  0x0000017a   Section       10  _printf_c.o(.ARM.Collect$$_printf_percent$$00000013)
    .ARM.Collect$$_printf_percent$$00000015  0x00000184   Section       10  _printf_lc.o(.ARM.Collect$$_printf_percent$$00000015)
    .ARM.Collect$$_printf_percent$$00000017  0x0000018e   Section        4  _printf_percent_end.o(.ARM.Collect$$_printf_percent$$00000017)
    .ARM.Collect$$libinit$$00000000          0x00000192   Section        2  libinit.o(.ARM.Collect$$libinit$$00000000)
    .ARM.Collect$$libinit$$00000002          0x00000194   Section        0  libinit2.o(.ARM.Collect$$libinit$$00000002)
    .ARM.Collect$$libinit$$00000004          0x00000194   Section        0  libinit2.o(.ARM.Collect$$libinit$$00000004)
    .ARM.Collect$$libinit$$0000000A          0x00000194   Section        0  libinit2.o(.ARM.Collect$$libinit$$0000000A)
    .ARM.Collect$$libinit$$0000000C          0x00000194   Section        0  libinit2.o(.ARM.Collect$$libinit$$0000000C)
    .ARM.Collect$$libinit$$0000000D          0x00000194   Section        4  libinit2.o(.ARM.Collect$$libinit$$0000000D)
    .ARM.Collect$$libinit$$0000000E          0x00000198   Section        0  libinit2.o(.ARM.Collect$$libinit$$0000000E)
    .ARM.Collect$$libinit$$0000000F          0x00000198   Section        6  libinit2.o(.ARM.Collect$$libinit$$0000000F)
    .ARM.Collect$$libinit$$00000011          0x0000019e   Section        0  libinit2.o(.ARM.Collect$$libinit$$00000011)
    .ARM.Collect$$libinit$$00000012          0x0000019e   Section       12  libinit2.o(.ARM.Collect$$libinit$$00000012)
    .ARM.Collect$$libinit$$00000013          0x000001aa   Section        0  libinit2.o(.ARM.Collect$$libinit$$00000013)
    .ARM.Collect$$libinit$$00000015          0x000001aa   Section        0  libinit2.o(.ARM.Collect$$libinit$$00000015)
    .ARM.Collect$$libinit$$00000017          0x000001aa   Section        0  libinit2.o(.ARM.Collect$$libinit$$00000017)
    .ARM.Collect$$libinit$$00000019          0x000001aa   Section        0  libinit2.o(.ARM.Collect$$libinit$$00000019)
    .ARM.Collect$$libinit$$0000001B          0x000001aa   Section        0  libinit2.o(.ARM.Collect$$libinit$$0000001B)
    .ARM.Collect$$libinit$$0000001D          0x000001aa   Section        0  libinit2.o(.ARM.Collect$$libinit$$0000001D)
    .ARM.Collect$$libinit$$0000001F          0x000001aa   Section        0  libinit2.o(.ARM.Collect$$libinit$$0000001F)
    .ARM.Collect$$libinit$$00000021          0x000001aa   Section        0  libinit2.o(.ARM.Collect$$libinit$$00000021)
    .ARM.Collect$$libinit$$00000023          0x000001aa   Section        0  libinit2.o(.ARM.Collect$$libinit$$00000023)
    .ARM.Collect$$libinit$$00000025          0x000001aa   Section        0  libinit2.o(.ARM.Collect$$libinit$$00000025)
    .ARM.Collect$$libinit$$0000002C          0x000001aa   Section        0  libinit2.o(.ARM.Collect$$libinit$$0000002C)
    .ARM.Collect$$libinit$$0000002E          0x000001aa   Section        0  libinit2.o(.ARM.Collect$$libinit$$0000002E)
    .ARM.Collect$$libinit$$00000030          0x000001aa   Section        0  libinit2.o(.ARM.Collect$$libinit$$00000030)
    .ARM.Collect$$libinit$$00000032          0x000001aa   Section        0  libinit2.o(.ARM.Collect$$libinit$$00000032)
    .ARM.Collect$$libinit$$00000033          0x000001aa   Section        2  libinit2.o(.ARM.Collect$$libinit$$00000033)
    .ARM.Collect$$libshutdown$$00000000      0x000001ac   Section        2  libshutdown.o(.ARM.Collect$$libshutdown$$00000000)
    .ARM.Collect$$libshutdown$$00000002      0x000001ae   Section        0  libshutdown2.o(.ARM.Collect$$libshutdown$$00000002)
    .ARM.Collect$$libshutdown$$00000004      0x000001ae   Section        0  libshutdown2.o(.ARM.Collect$$libshutdown$$00000004)
    .ARM.Collect$$libshutdown$$00000007      0x000001ae   Section        0  libshutdown2.o(.ARM.Collect$$libshutdown$$00000007)
    .ARM.Collect$$libshutdown$$0000000A      0x000001ae   Section        0  libshutdown2.o(.ARM.Collect$$libshutdown$$0000000A)
    .ARM.Collect$$libshutdown$$0000000C      0x000001ae   Section        0  libshutdown2.o(.ARM.Collect$$libshutdown$$0000000C)
    .ARM.Collect$$libshutdown$$0000000F      0x000001ae   Section        0  libshutdown2.o(.ARM.Collect$$libshutdown$$0000000F)
    .ARM.Collect$$libshutdown$$00000010      0x000001ae   Section        2  libshutdown2.o(.ARM.Collect$$libshutdown$$00000010)
    .ARM.Collect$$rtentry$$00000000          0x000001b0   Section        0  __rtentry.o(.ARM.Collect$$rtentry$$00000000)
    .ARM.Collect$$rtentry$$00000002          0x000001b0   Section        0  __rtentry2.o(.ARM.Collect$$rtentry$$00000002)
    .ARM.Collect$$rtentry$$00000004          0x000001b0   Section        6  __rtentry4.o(.ARM.Collect$$rtentry$$00000004)
    .ARM.Collect$$rtentry$$00000009          0x000001b6   Section        0  __rtentry2.o(.ARM.Collect$$rtentry$$00000009)
    .ARM.Collect$$rtentry$$0000000A          0x000001b6   Section        4  __rtentry2.o(.ARM.Collect$$rtentry$$0000000A)
    .ARM.Collect$$rtentry$$0000000C          0x000001ba   Section        0  __rtentry2.o(.ARM.Collect$$rtentry$$0000000C)
    .ARM.Collect$$rtentry$$0000000D          0x000001ba   Section        8  __rtentry2.o(.ARM.Collect$$rtentry$$0000000D)
    .ARM.Collect$$rtexit$$00000000           0x000001c2   Section        2  rtexit.o(.ARM.Collect$$rtexit$$00000000)
    .ARM.Collect$$rtexit$$00000002           0x000001c4   Section        0  rtexit2.o(.ARM.Collect$$rtexit$$00000002)
    .ARM.Collect$$rtexit$$00000003           0x000001c4   Section        4  rtexit2.o(.ARM.Collect$$rtexit$$00000003)
    .ARM.Collect$$rtexit$$00000004           0x000001c8   Section        6  rtexit2.o(.ARM.Collect$$rtexit$$00000004)
    .emb_text                                0x000001d0   Section       56  rand.o(.emb_text)
    .text                                    0x00000208   Section       52  startup_mkl05z4.o(.text)
    .text                                    0x0000023c   Section        0  noretval__2sprintf.o(.text)
    .text                                    0x00000264   Section        0  _printf_pad.o(.text)
    .text                                    0x000002b2   Section        0  _printf_truncate.o(.text)
    .text                                    0x000002d6   Section        0  _printf_str.o(.text)
    .text                                    0x00000328   Section        0  _printf_dec.o(.text)
    .text                                    0x00000394   Section        0  _printf_oct_int.o(.text)
    .text                                    0x000003e4   Section        0  heapauxi.o(.text)
    .text                                    0x000003ea   Section        0  _sputc.o(.text)
    .text                                    0x000003f4   Section        8  rt_locale_intlibspace.o(.text)
    .text                                    0x000003fc   Section        2  use_no_semi.o(.text)
    .text                                    0x000003fe   Section        0  indicate_semi.o(.text)
    .ARM.__at_0x400                          0x00000400   Section       16  startup_mkl05z4.o(.ARM.__at_0x400)
    .text                                    0x00000410   Section        0  _printf_wctomb.o(.text)
    .text                                    0x000004cc   Section        0  _printf_hex_int.o(.text)
    .text                                    0x00000524   Section        0  __printf_flags_ss_wp.o(.text)
    .text                                    0x000006ac   Section        0  rand.o(.text)
    .text                                    0x000006e8   Section      504  aeabi_sdivfast.o(.text)
    .text                                    0x000008e0   Section        0  _printf_intcommon.o(.text)
    _printf_input_char                       0x00000991   Thumb Code    10  _printf_char_common.o(.text)
    .text                                    0x00000990   Section        0  _printf_char_common.o(.text)
    .text                                    0x000009c0   Section        0  _printf_char.o(.text)
    .text                                    0x000009ee   Section        0  _printf_wchar.o(.text)
    .text                                    0x00000a1c   Section        0  _c16rtomb.o(.text)
    .text                                    0x00000a5e   Section        0  rtudiv10.o(.text)
    .text                                    0x00000a88   Section       16  rt_ctype_table.o(.text)
    .text                                    0x00000a98   Section       62  sys_stackheap_outer.o(.text)
    .text                                    0x00000ad6   Section        0  exit.o(.text)
    .text                                    0x00000ae8   Section        8  libspace.o(.text)
    .text                                    0x00000af0   Section      176  strcmpv6m.o(.text)
    .text                                    0x00000ba0   Section        0  sys_exit.o(.text)
    [Anonymous Symbol]                       0x00000bac   Section        0  buttons.o(.text.Buttons_Init)
    __arm_cp.0_0                             0x00000bd4   Number         4  buttons.o(.text.Buttons_Init)
    __arm_cp.0_1                             0x00000bd8   Number         4  buttons.o(.text.Buttons_Init)
    __arm_cp.0_2                             0x00000bdc   Number         4  buttons.o(.text.Buttons_Init)
    [Anonymous Symbol]                       0x00000be0   Section        0  main.o(.text.Delay_SysTick_ms)
    [Anonymous Symbol]                       0x00000bf8   Section        0  i2c.o(.text.I2C_Init)
    __arm_cp.0_0                             0x00000c38   Number         4  i2c.o(.text.I2C_Init)
    __arm_cp.0_1                             0x00000c3c   Number         4  i2c.o(.text.I2C_Init)
    __arm_cp.0_2                             0x00000c40   Number         4  i2c.o(.text.I2C_Init)
    [Anonymous Symbol]                       0x00000c44   Section        0  i2c.o(.text.I2C_Read)
    __arm_cp.10_1                            0x00000c90   Number         4  i2c.o(.text.I2C_Read)
    [Anonymous Symbol]                       0x00000c94   Section        0  i2c.o(.text.I2C_Write)
    __arm_cp.9_0                             0x00000cd0   Number         4  i2c.o(.text.I2C_Write)
    [Anonymous Symbol]                       0x00000cd4   Section        0  buttons.o(.text.IsButtonPressed)
    __arm_cp.1_1                             0x00000d14   Number         4  buttons.o(.text.IsButtonPressed)
    [Anonymous Symbol]                       0x00000d18   Section        0  lcd1602.o(.text.LCD1602_BF_AC)
    [Anonymous Symbol]                       0x00000de0   Section        0  lcd1602.o(.text.LCD1602_Backlight)
    [Anonymous Symbol]                       0x00000df0   Section        0  lcd1602.o(.text.LCD1602_CheckAddress)
    [Anonymous Symbol]                       0x00000e18   Section        0  lcd1602.o(.text.LCD1602_ClearAll)
    [Anonymous Symbol]                       0x00000e24   Section        0  lcd1602.o(.text.LCD1602_Init)
    __arm_cp.0_0                             0x00000e6c   Number         4  lcd1602.o(.text.LCD1602_Init)
    [Anonymous Symbol]                       0x00000e70   Section        0  lcd1602.o(.text.LCD1602_Print)
    [Anonymous Symbol]                       0x00000e90   Section        0  lcd1602.o(.text.LCD1602_Write4)
    [Anonymous Symbol]                       0x00000eaa   Section        0  lcd1602.o(.text.LCD1602_Write8)
    [Anonymous Symbol]                       0x00000ed4   Section        0  lcd1602.o(.text.PCF8574_Write)
    __arm_cp.12_0                            0x00000ef8   Number         4  lcd1602.o(.text.PCF8574_Write)
    __arm_cp.12_1                            0x00000efc   Number         4  lcd1602.o(.text.PCF8574_Write)
    [Anonymous Symbol]                       0x00000f00   Section        0  main.o(.text.PlayStartSignal)
    __arm_cp.4_0                             0x00000f24   Number         4  main.o(.text.PlayStartSignal)
    [Anonymous Symbol]                       0x00000f28   Section        0  main.o(.text.RestartGame)
    SysTick_Config                           0x00000f55   Thumb Code    28  main.o(.text.SysTick_Config)
    [Anonymous Symbol]                       0x00000f54   Section        0  main.o(.text.SysTick_Config)
    __arm_cp.1_0                             0x00000f70   Number         4  main.o(.text.SysTick_Config)
    [Anonymous Symbol]                       0x00000f74   Section        0  main.o(.text.SysTick_Handler)
    __arm_cp.2_0                             0x00000f80   Number         4  main.o(.text.SysTick_Handler)
    [Anonymous Symbol]                       0x00000f84   Section        0  main.o(.text.SysTick_Init)
    __arm_cp.0_0                             0x00000f98   Number         4  main.o(.text.SysTick_Init)
    [Anonymous Symbol]                       0x00000f9c   Section        0  system_mkl05z4.o(.text.SystemInit)
    __arm_cp.0_0                             0x00000fd8   Number         4  system_mkl05z4.o(.text.SystemInit)
    __arm_cp.0_1                             0x00000fdc   Number         4  system_mkl05z4.o(.text.SystemInit)
    __arm_cp.0_2                             0x00000fe0   Number         4  system_mkl05z4.o(.text.SystemInit)
    __arm_cp.0_3                             0x00000fe4   Number         4  system_mkl05z4.o(.text.SystemInit)
    [Anonymous Symbol]                       0x00000fe8   Section        0  tpm.o(.text.TPM0_IRQHandler)
    __arm_cp.4_1                             0x00001008   Number         4  tpm.o(.text.TPM0_IRQHandler)
    [Anonymous Symbol]                       0x0000100c   Section        0  tpm.o(.text.TPM_Init)
    __arm_cp.0_0                             0x0000103c   Number         4  tpm.o(.text.TPM_Init)
    __arm_cp.0_1                             0x00001040   Number         4  tpm.o(.text.TPM_Init)
    __arm_cp.0_2                             0x00001044   Number         4  tpm.o(.text.TPM_Init)
    __NVIC_EnableIRQ                         0x00001049   Thumb Code    12  tpm.o(.text.__NVIC_EnableIRQ)
    [Anonymous Symbol]                       0x00001048   Section        0  tpm.o(.text.__NVIC_EnableIRQ)
    __arm_cp.1_0                             0x00001054   Number         4  tpm.o(.text.__NVIC_EnableIRQ)
    __NVIC_SetPriority                       0x00001059   Thumb Code    20  main.o(.text.__NVIC_SetPriority)
    [Anonymous Symbol]                       0x00001058   Section        0  main.o(.text.__NVIC_SetPriority)
    __arm_cp.7_0                             0x0000106c   Number         4  main.o(.text.__NVIC_SetPriority)
    [Anonymous Symbol]                       0x00001070   Section        0  i2c.o(.text.i2c_clr_IICIF)
    [Anonymous Symbol]                       0x0000107c   Section        0  i2c.o(.text.i2c_disable)
    [Anonymous Symbol]                       0x00001088   Section        0  i2c.o(.text.i2c_enable)
    [Anonymous Symbol]                       0x00001094   Section        0  i2c.o(.text.i2c_m_start)
    [Anonymous Symbol]                       0x000010a0   Section        0  i2c.o(.text.i2c_m_stop)
    [Anonymous Symbol]                       0x000010ac   Section        0  i2c.o(.text.i2c_nack)
    [Anonymous Symbol]                       0x000010b8   Section        0  i2c.o(.text.i2c_rec)
    [Anonymous Symbol]                       0x000010c4   Section        0  i2c.o(.text.i2c_recv)
    [Anonymous Symbol]                       0x000010cc   Section        0  i2c.o(.text.i2c_send)
    __arm_cp.5_0                             0x000010d4   Number         4  i2c.o(.text.i2c_send)
    [Anonymous Symbol]                       0x000010d8   Section        0  i2c.o(.text.i2c_tran)
    __arm_cp.3_0                             0x000010e4   Number         4  i2c.o(.text.i2c_tran)
    [Anonymous Symbol]                       0x000010e8   Section        0  i2c.o(.text.i2c_wait)
    __arm_cp.6_0                             0x00001138   Number         4  i2c.o(.text.i2c_wait)
    __arm_cp.6_1                             0x0000113c   Number         4  i2c.o(.text.i2c_wait)
    __arm_cp.6_2                             0x00001140   Number         4  i2c.o(.text.i2c_wait)
    [Anonymous Symbol]                       0x00001144   Section        0  main.o(.text.main)
    __arm_cp.6_0                             0x00001374   Number         4  main.o(.text.main)
    __arm_cp.6_1                             0x00001378   Number         4  main.o(.text.main)
    __arm_cp.6_2                             0x0000137c   Number         4  main.o(.text.main)
    __arm_cp.6_3                             0x00001380   Number         4  main.o(.text.main)
    __arm_cp.6_6                             0x000013a4   Number         4  main.o(.text.main)
    __arm_cp.6_8                             0x000013b0   Number         4  main.o(.text.main)
    __arm_cp.6_9                             0x000013b4   Number         4  main.o(.text.main)
    __arm_cp.6_11                            0x000013c8   Number         4  main.o(.text.main)
    __arm_cp.6_17                            0x00001410   Number         4  main.o(.text.main)
    __arm_cp.6_18                            0x00001414   Number         4  main.o(.text.main)
    __arm_cp.6_19                            0x00001418   Number         4  main.o(.text.main)
    .text_divfast                            0x00001428   Section      502  aeabi_sdivfast.o(.text_divfast)
    i._is_digit                              0x0000161e   Section        0  __printf_wp.o(i._is_digit)
    locale$$code                             0x0000162c   Section       44  lc_ctype_c.o(locale$$code)
    initial_mbstate                          0x00001658   Data           8  _printf_wctomb.o(.constdata)
    .constdata                               0x00001658   Section        8  _printf_wctomb.o(.constdata)
    uc_hextab                                0x00001660   Data          20  _printf_hex_int.o(.constdata)
    .constdata                               0x00001660   Section       40  _printf_hex_int.o(.constdata)
    lc_hextab                                0x00001674   Data          20  _printf_hex_int.o(.constdata)
    maptable                                 0x00001688   Data          17  __printf_flags_ss_wp.o(.constdata)
    .constdata                               0x00001688   Section       17  __printf_flags_ss_wp.o(.constdata)
    [Anonymous Symbol]                       0x00001699   Section        0  main.o(.rodata.str1.1)
    locale$$data                             0x000016e0   Section      272  lc_ctype_c.o(locale$$data)
    __lcctype_c_name                         0x000016e4   Data           2  lc_ctype_c.o(locale$$data)
    __lcctype_c_start                        0x000016ec   Data           0  lc_ctype_c.o(locale$$data)
    __lcctype_c_end                          0x000017f0   Data           0  lc_ctype_c.o(locale$$data)
    lcd_backlight                            0x1ffffc04   Data           1  lcd1602.o(.data.lcd_backlight)
    [Anonymous Symbol]                       0x1ffffc04   Section        0  lcd1602.o(.data.lcd_backlight)
    .bss                                     0x1ffffc08   Section      228  rand.o(.bss)
    .bss                                     0x1ffffcec   Section       96  libspace.o(.bss)
    error                                    0x1ffffd4d   Data           1  i2c.o(.bss.error)
    [Anonymous Symbol]                       0x1ffffd4d   Section        0  i2c.o(.bss.error)
    pcf_address                              0x1ffffd4e   Data           1  lcd1602.o(.bss.pcf_address)
    [Anonymous Symbol]                       0x1ffffd4e   Section        0  lcd1602.o(.bss.pcf_address)
    Heap_Mem                                 0x1ffffd58   Data           0  startup_mkl05z4.o(HEAP)
    Stack_Mem                                0x1ffffd58   Data         768  startup_mkl05z4.o(STACK)
    HEAP                                     0x1ffffd58   Section        0  startup_mkl05z4.o(HEAP)
    STACK                                    0x1ffffd58   Section      768  startup_mkl05z4.o(STACK)
    __initial_sp                             0x20000058   Data           0  startup_mkl05z4.o(STACK)

    Global Symbols

    Symbol Name                              Value     Ov Type        Size  Object(Section)

    BuildAttributes$$THM_ISAv3M$S$PE$A:L22$X:L11$S22$IEEE1$IW$~IW$USESV6$~STKCKD$USESV7$~SHL$OTIME$ROPI$EBA8$UX$STANDARDLIB$REQ8$PRES8$EABIv2 0x00000000   Number         0  anon$$obj.o ABSOLUTE
    __Vectors                                0x00000000   Data           4  startup_mkl05z4.o(RESET)
    _printf_flags                            0x00000000   Number         0  printf_stubs.o ABSOLUTE
    _printf_return_value                     0x00000000   Number         0  printf_stubs.o ABSOLUTE
    _printf_sizespec                         0x00000000   Number         0  printf_stubs.o ABSOLUTE
    _printf_widthprec                        0x00000000   Number         0  printf_stubs.o ABSOLUTE
    __ARM_exceptions_init                     - Undefined Weak Reference
    __alloca_initialize                       - Undefined Weak Reference
    __arm_preinit_                            - Undefined Weak Reference
    __cpp_initialize__aeabi_                  - Undefined Weak Reference
    __cxa_finalize                            - Undefined Weak Reference
    __sigvec_lookup                           - Undefined Weak Reference
    _atexit_init                              - Undefined Weak Reference
    _call_atexit_fns                          - Undefined Weak Reference
    _clock_init                               - Undefined Weak Reference
    _fp_trap_init                             - Undefined Weak Reference
    _fp_trap_shutdown                         - Undefined Weak Reference
    _get_lc_collate                           - Undefined Weak Reference
    _get_lc_monetary                          - Undefined Weak Reference
    _get_lc_numeric                           - Undefined Weak Reference
    _get_lc_time                              - Undefined Weak Reference
    _getenv_init                              - Undefined Weak Reference
    _handle_redirection                       - Undefined Weak Reference
    _init_alloc                               - Undefined Weak Reference
    _init_user_alloc                          - Undefined Weak Reference
    _initio                                   - Undefined Weak Reference
    _printf_mbtowc                            - Undefined Weak Reference
    _printf_wc                                - Undefined Weak Reference
    _signal_finish                            - Undefined Weak Reference
    _signal_init                              - Undefined Weak Reference
    _terminate_alloc                          - Undefined Weak Reference
    _terminate_user_alloc                     - Undefined Weak Reference
    _terminateio                              - Undefined Weak Reference
    __Vectors_End                            0x000000c0   Data           0  startup_mkl05z4.o(RESET)
    __Vectors_Size                           0x000000c0   Number         0  startup_mkl05z4.o ABSOLUTE
    __main                                   0x000000c1   Thumb Code     8  __main.o(!!!main)
    __scatterload                            0x000000c9   Thumb Code     0  __scatter.o(!!!scatter)
    __scatterload_rt2                        0x000000c9   Thumb Code    52  __scatter.o(!!!scatter)
    __scatterload_rt2_thumb_only             0x000000c9   Thumb Code     0  __scatter.o(!!!scatter)
    __scatterload_null                       0x000000d9   Thumb Code     0  __scatter.o(!!!scatter)
    __scatterload_copy                       0x00000105   Thumb Code    26  __scatter_copy.o(!!handler_copy)
    __scatterload_zeroinit                   0x00000121   Thumb Code    28  __scatter_zi.o(!!handler_zi)
    _printf_percent                          0x0000013d   Thumb Code     0  _printf_percent.o(.ARM.Collect$$_printf_percent$$00000000)
    _printf_i                                0x0000013f   Thumb Code     0  _printf_i.o(.ARM.Collect$$_printf_percent$$00000008)
    _printf_d                                0x00000149   Thumb Code     0  _printf_d.o(.ARM.Collect$$_printf_percent$$00000009)
    _printf_u                                0x00000153   Thumb Code     0  _printf_u.o(.ARM.Collect$$_printf_percent$$0000000A)
    _printf_o                                0x0000015d   Thumb Code     0  _printf_o.o(.ARM.Collect$$_printf_percent$$0000000B)
    _printf_x                                0x00000167   Thumb Code     0  _printf_x.o(.ARM.Collect$$_printf_percent$$0000000C)
    _printf_l                                0x00000171   Thumb Code     0  _printf_l.o(.ARM.Collect$$_printf_percent$$00000012)
    _printf_c                                0x0000017b   Thumb Code     0  _printf_c.o(.ARM.Collect$$_printf_percent$$00000013)
    _printf_lc                               0x00000185   Thumb Code     0  _printf_lc.o(.ARM.Collect$$_printf_percent$$00000015)
    _printf_percent_end                      0x0000018f   Thumb Code     0  _printf_percent_end.o(.ARM.Collect$$_printf_percent$$00000017)
    __rt_lib_init                            0x00000193   Thumb Code     0  libinit.o(.ARM.Collect$$libinit$$00000000)
    __rt_lib_init_fp_1                       0x00000195   Thumb Code     0  libinit2.o(.ARM.Collect$$libinit$$00000002)
    __rt_lib_init_heap_1                     0x00000195   Thumb Code     0  libinit2.o(.ARM.Collect$$libinit$$0000000A)
    __rt_lib_init_preinit_1                  0x00000195   Thumb Code     0  libinit2.o(.ARM.Collect$$libinit$$00000004)
    __rt_lib_init_rand_2                     0x00000195   Thumb Code     0  libinit2.o(.ARM.Collect$$libinit$$0000000D)
    __rt_lib_init_user_alloc_1               0x00000195   Thumb Code     0  libinit2.o(.ARM.Collect$$libinit$$0000000C)
    __rt_lib_init_lc_common                  0x00000199   Thumb Code     0  libinit2.o(.ARM.Collect$$libinit$$0000000F)
    __rt_lib_init_rand_1                     0x00000199   Thumb Code     0  libinit2.o(.ARM.Collect$$libinit$$0000000E)
    __rt_lib_init_lc_collate_1               0x0000019f   Thumb Code     0  libinit2.o(.ARM.Collect$$libinit$$00000011)
    __rt_lib_init_lc_ctype_2                 0x0000019f   Thumb Code     0  libinit2.o(.ARM.Collect$$libinit$$00000012)
    __rt_lib_init_alloca_1                   0x000001ab   Thumb Code     0  libinit2.o(.ARM.Collect$$libinit$$0000002E)
    __rt_lib_init_argv_1                     0x000001ab   Thumb Code     0  libinit2.o(.ARM.Collect$$libinit$$0000002C)
    __rt_lib_init_atexit_1                   0x000001ab   Thumb Code     0  libinit2.o(.ARM.Collect$$libinit$$0000001B)
    __rt_lib_init_clock_1                    0x000001ab   Thumb Code     0  libinit2.o(.ARM.Collect$$libinit$$00000021)
    __rt_lib_init_cpp_1                      0x000001ab   Thumb Code     0  libinit2.o(.ARM.Collect$$libinit$$00000032)
    __rt_lib_init_exceptions_1               0x000001ab   Thumb Code     0  libinit2.o(.ARM.Collect$$libinit$$00000030)
    __rt_lib_init_fp_trap_1                  0x000001ab   Thumb Code     0  libinit2.o(.ARM.Collect$$libinit$$0000001F)
    __rt_lib_init_getenv_1                   0x000001ab   Thumb Code     0  libinit2.o(.ARM.Collect$$libinit$$00000023)
    __rt_lib_init_lc_ctype_1                 0x000001ab   Thumb Code     0  libinit2.o(.ARM.Collect$$libinit$$00000013)
    __rt_lib_init_lc_monetary_1              0x000001ab   Thumb Code     0  libinit2.o(.ARM.Collect$$libinit$$00000015)
    __rt_lib_init_lc_numeric_1               0x000001ab   Thumb Code     0  libinit2.o(.ARM.Collect$$libinit$$00000017)
    __rt_lib_init_lc_time_1                  0x000001ab   Thumb Code     0  libinit2.o(.ARM.Collect$$libinit$$00000019)
    __rt_lib_init_return                     0x000001ab   Thumb Code     0  libinit2.o(.ARM.Collect$$libinit$$00000033)
    __rt_lib_init_signal_1                   0x000001ab   Thumb Code     0  libinit2.o(.ARM.Collect$$libinit$$0000001D)
    __rt_lib_init_stdio_1                    0x000001ab   Thumb Code     0  libinit2.o(.ARM.Collect$$libinit$$00000025)
    __rt_lib_shutdown                        0x000001ad   Thumb Code     0  libshutdown.o(.ARM.Collect$$libshutdown$$00000000)
    __rt_lib_shutdown_cpp_1                  0x000001af   Thumb Code     0  libshutdown2.o(.ARM.Collect$$libshutdown$$00000002)
    __rt_lib_shutdown_fp_trap_1              0x000001af   Thumb Code     0  libshutdown2.o(.ARM.Collect$$libshutdown$$00000007)
    __rt_lib_shutdown_heap_1                 0x000001af   Thumb Code     0  libshutdown2.o(.ARM.Collect$$libshutdown$$0000000F)
    __rt_lib_shutdown_return                 0x000001af   Thumb Code     0  libshutdown2.o(.ARM.Collect$$libshutdown$$00000010)
    __rt_lib_shutdown_signal_1               0x000001af   Thumb Code     0  libshutdown2.o(.ARM.Collect$$libshutdown$$0000000A)
    __rt_lib_shutdown_stdio_1                0x000001af   Thumb Code     0  libshutdown2.o(.ARM.Collect$$libshutdown$$00000004)
    __rt_lib_shutdown_user_alloc_1           0x000001af   Thumb Code     0  libshutdown2.o(.ARM.Collect$$libshutdown$$0000000C)
    __rt_entry                               0x000001b1   Thumb Code     0  __rtentry.o(.ARM.Collect$$rtentry$$00000000)
    __rt_entry_presh_1                       0x000001b1   Thumb Code     0  __rtentry2.o(.ARM.Collect$$rtentry$$00000002)
    __rt_entry_sh                            0x000001b1   Thumb Code     0  __rtentry4.o(.ARM.Collect$$rtentry$$00000004)
    __rt_entry_li                            0x000001b7   Thumb Code     0  __rtentry2.o(.ARM.Collect$$rtentry$$0000000A)
    __rt_entry_postsh_1                      0x000001b7   Thumb Code     0  __rtentry2.o(.ARM.Collect$$rtentry$$00000009)
    __rt_entry_main                          0x000001bb   Thumb Code     0  __rtentry2.o(.ARM.Collect$$rtentry$$0000000D)
    __rt_entry_postli_1                      0x000001bb   Thumb Code     0  __rtentry2.o(.ARM.Collect$$rtentry$$0000000C)
    __rt_exit                                0x000001c3   Thumb Code     0  rtexit.o(.ARM.Collect$$rtexit$$00000000)
    __rt_exit_ls                             0x000001c5   Thumb Code     0  rtexit2.o(.ARM.Collect$$rtexit$$00000003)
    __rt_exit_prels_1                        0x000001c5   Thumb Code     0  rtexit2.o(.ARM.Collect$$rtexit$$00000002)
    __rt_exit_exit                           0x000001c9   Thumb Code     0  rtexit2.o(.ARM.Collect$$rtexit$$00000004)
    rand                                     0x000001d1   Thumb Code    52  rand.o(.emb_text)
    Reset_Handler                            0x00000209   Thumb Code     8  startup_mkl05z4.o(.text)
    NMI_Handler                              0x00000211   Thumb Code     2  startup_mkl05z4.o(.text)
    HardFault_Handler                        0x00000213   Thumb Code     2  startup_mkl05z4.o(.text)
    SVC_Handler                              0x00000215   Thumb Code     2  startup_mkl05z4.o(.text)
    PendSV_Handler                           0x00000217   Thumb Code     2  startup_mkl05z4.o(.text)
    ADC0_IRQHandler                          0x0000021b   Thumb Code     0  startup_mkl05z4.o(.text)
    CMP0_IRQHandler                          0x0000021b   Thumb Code     0  startup_mkl05z4.o(.text)
    DAC0_IRQHandler                          0x0000021b   Thumb Code     0  startup_mkl05z4.o(.text)
    DMA0_IRQHandler                          0x0000021b   Thumb Code     0  startup_mkl05z4.o(.text)
    DMA1_IRQHandler                          0x0000021b   Thumb Code     0  startup_mkl05z4.o(.text)
    DMA2_IRQHandler                          0x0000021b   Thumb Code     0  startup_mkl05z4.o(.text)
    DMA3_IRQHandler                          0x0000021b   Thumb Code     0  startup_mkl05z4.o(.text)
    DefaultISR                               0x0000021b   Thumb Code     0  startup_mkl05z4.o(.text)
    FTFA_IRQHandler                          0x0000021b   Thumb Code     0  startup_mkl05z4.o(.text)
    I2C0_IRQHandler                          0x0000021b   Thumb Code     0  startup_mkl05z4.o(.text)
    LLW_IRQHandler                           0x0000021b   Thumb Code     0  startup_mkl05z4.o(.text)
    LPTimer_IRQHandler                       0x0000021b   Thumb Code     0  startup_mkl05z4.o(.text)
    LVD_LVW_IRQHandler                       0x0000021b   Thumb Code     0  startup_mkl05z4.o(.text)
    MCG_IRQHandler                           0x0000021b   Thumb Code     0  startup_mkl05z4.o(.text)
    PIT_IRQHandler                           0x0000021b   Thumb Code     0  startup_mkl05z4.o(.text)
    PORTA_IRQHandler                         0x0000021b   Thumb Code     0  startup_mkl05z4.o(.text)
    PORTB_IRQHandler                         0x0000021b   Thumb Code     0  startup_mkl05z4.o(.text)
    RTC_IRQHandler                           0x0000021b   Thumb Code     0  startup_mkl05z4.o(.text)
    RTC_Seconds_IRQHandler                   0x0000021b   Thumb Code     0  startup_mkl05z4.o(.text)
    Reserved20_IRQHandler                    0x0000021b   Thumb Code     0  startup_mkl05z4.o(.text)
    Reserved25_IRQHandler                    0x0000021b   Thumb Code     0  startup_mkl05z4.o(.text)
    Reserved27_IRQHandler                    0x0000021b   Thumb Code     0  startup_mkl05z4.o(.text)
    Reserved29_IRQHandler                    0x0000021b   Thumb Code     0  startup_mkl05z4.o(.text)
    Reserved30_IRQHandler                    0x0000021b   Thumb Code     0  startup_mkl05z4.o(.text)
    Reserved35_IRQHandler                    0x0000021b   Thumb Code     0  startup_mkl05z4.o(.text)
    Reserved39_IRQHandler                    0x0000021b   Thumb Code     0  startup_mkl05z4.o(.text)
    Reserved40_IRQHandler                    0x0000021b   Thumb Code     0  startup_mkl05z4.o(.text)
    Reserved45_IRQHandler                    0x0000021b   Thumb Code     0  startup_mkl05z4.o(.text)
    SPI0_IRQHandler                          0x0000021b   Thumb Code     0  startup_mkl05z4.o(.text)
    TPM1_IRQHandler                          0x0000021b   Thumb Code     0  startup_mkl05z4.o(.text)
    TSI0_IRQHandler                          0x0000021b   Thumb Code     0  startup_mkl05z4.o(.text)
    UART0_IRQHandler                         0x0000021b   Thumb Code     0  startup_mkl05z4.o(.text)
    __user_initial_stackheap                 0x0000021d   Thumb Code     0  startup_mkl05z4.o(.text)
    __2sprintf                               0x0000023d   Thumb Code    36  noretval__2sprintf.o(.text)
    _printf_pre_padding                      0x00000265   Thumb Code    44  _printf_pad.o(.text)
    _printf_post_padding                     0x00000291   Thumb Code    34  _printf_pad.o(.text)
    _printf_truncate_signed                  0x000002b3   Thumb Code    18  _printf_truncate.o(.text)
    _printf_truncate_unsigned                0x000002c5   Thumb Code    18  _printf_truncate.o(.text)
    _printf_str                              0x000002d7   Thumb Code    82  _printf_str.o(.text)
    _printf_int_dec                          0x00000329   Thumb Code    90  _printf_dec.o(.text)
    _printf_int_oct                          0x00000395   Thumb Code    72  _printf_oct_int.o(.text)
    _printf_longlong_oct                     0x00000395   Thumb Code     0  _printf_oct_int.o(.text)
    __use_two_region_memory                  0x000003e5   Thumb Code     2  heapauxi.o(.text)
    __rt_heap_escrow$2region                 0x000003e7   Thumb Code     2  heapauxi.o(.text)
    __rt_heap_expand$2region                 0x000003e9   Thumb Code     2  heapauxi.o(.text)
    _sputc                                   0x000003eb   Thumb Code    10  _sputc.o(.text)
    __rt_locale                              0x000003f5   Thumb Code     8  rt_locale_intlibspace.o(.text)
    __I$use$semihosting                      0x000003fd   Thumb Code     0  use_no_semi.o(.text)
    __use_no_semihosting_swi                 0x000003fd   Thumb Code     2  use_no_semi.o(.text)
    __semihosting_library_function           0x000003ff   Thumb Code     0  indicate_semi.o(.text)
    _printf_wctomb                           0x00000411   Thumb Code   182  _printf_wctomb.o(.text)
    _printf_int_hex                          0x000004cd   Thumb Code    84  _printf_hex_int.o(.text)
    _printf_longlong_hex                     0x000004cd   Thumb Code     0  _printf_hex_int.o(.text)
    __printf                                 0x00000525   Thumb Code   386  __printf_flags_ss_wp.o(.text)
    srand                                    0x000006ad   Thumb Code    44  rand.o(.text)
    _rand_init                               0x000006d9   Thumb Code     4  rand.o(.text)
    __aeabi_uidivmod                         0x000006e9   Thumb Code    28  aeabi_sdivfast.o(.text)
    __aeabi_idivmod                          0x00000705   Thumb Code   472  aeabi_sdivfast.o(.text)
    _printf_int_common                       0x000008e1   Thumb Code   176  _printf_intcommon.o(.text)
    _printf_char_common                      0x0000099b   Thumb Code    32  _printf_char_common.o(.text)
    _printf_cs_common                        0x000009c1   Thumb Code    22  _printf_char.o(.text)
    _printf_char                             0x000009d7   Thumb Code    16  _printf_char.o(.text)
    _printf_string                           0x000009e7   Thumb Code     8  _printf_char.o(.text)
    _printf_lcs_common                       0x000009ef   Thumb Code    22  _printf_wchar.o(.text)
    _printf_wchar                            0x00000a05   Thumb Code    16  _printf_wchar.o(.text)
    _printf_wstring                          0x00000a15   Thumb Code     8  _printf_wchar.o(.text)
    _c16rtomb                                0x00000a1d   Thumb Code    66  _c16rtomb.o(.text)
    _wcrtomb                                 0x00000a1d   Thumb Code     0  _c16rtomb.o(.text)
    __rt_udiv10                              0x00000a5f   Thumb Code    40  rtudiv10.o(.text)
    __rt_ctype_table                         0x00000a89   Thumb Code    16  rt_ctype_table.o(.text)
    __user_setup_stackheap                   0x00000a99   Thumb Code    62  sys_stackheap_outer.o(.text)
    exit                                     0x00000ad7   Thumb Code    16  exit.o(.text)
    __user_libspace                          0x00000ae9   Thumb Code     8  libspace.o(.text)
    __user_perproc_libspace                  0x00000ae9   Thumb Code     0  libspace.o(.text)
    __user_perthread_libspace                0x00000ae9   Thumb Code     0  libspace.o(.text)
    strcmp                                   0x00000af1   Thumb Code   176  strcmpv6m.o(.text)
    _sys_exit                                0x00000ba1   Thumb Code     8  sys_exit.o(.text)
    Buttons_Init                             0x00000bad   Thumb Code    40  buttons.o(.text.Buttons_Init)
    Delay_SysTick_ms                         0x00000be1   Thumb Code    24  main.o(.text.Delay_SysTick_ms)
    I2C_Init                                 0x00000bf9   Thumb Code    64  i2c.o(.text.I2C_Init)
    I2C_Read                                 0x00000c45   Thumb Code    76  i2c.o(.text.I2C_Read)
    I2C_Write                                0x00000c95   Thumb Code    60  i2c.o(.text.I2C_Write)
    IsButtonPressed                          0x00000cd5   Thumb Code    48  buttons.o(.text.IsButtonPressed)
    LCD1602_BF_AC                            0x00000d19   Thumb Code   200  lcd1602.o(.text.LCD1602_BF_AC)
    LCD1602_Backlight                        0x00000de1   Thumb Code    16  lcd1602.o(.text.LCD1602_Backlight)
    LCD1602_CheckAddress                     0x00000df1   Thumb Code    40  lcd1602.o(.text.LCD1602_CheckAddress)
    LCD1602_ClearAll                         0x00000e19   Thumb Code    12  lcd1602.o(.text.LCD1602_ClearAll)
    LCD1602_Init                             0x00000e25   Thumb Code    72  lcd1602.o(.text.LCD1602_Init)
    LCD1602_Print                            0x00000e71   Thumb Code    32  lcd1602.o(.text.LCD1602_Print)
    LCD1602_Write4                           0x00000e91   Thumb Code    26  lcd1602.o(.text.LCD1602_Write4)
    LCD1602_Write8                           0x00000eab   Thumb Code    40  lcd1602.o(.text.LCD1602_Write8)
    PCF8574_Write                            0x00000ed5   Thumb Code    36  lcd1602.o(.text.PCF8574_Write)
    PlayStartSignal                          0x00000f01   Thumb Code    36  main.o(.text.PlayStartSignal)
    RestartGame                              0x00000f29   Thumb Code    28  main.o(.text.RestartGame)
    SysTick_Handler                          0x00000f75   Thumb Code    12  main.o(.text.SysTick_Handler)
    SysTick_Init                             0x00000f85   Thumb Code    20  main.o(.text.SysTick_Init)
    SystemInit                               0x00000f9d   Thumb Code    60  system_mkl05z4.o(.text.SystemInit)
    TPM0_IRQHandler                          0x00000fe9   Thumb Code    32  tpm.o(.text.TPM0_IRQHandler)
    TPM_Init                                 0x0000100d   Thumb Code    48  tpm.o(.text.TPM_Init)
    i2c_clr_IICIF                            0x00001071   Thumb Code    12  i2c.o(.text.i2c_clr_IICIF)
    i2c_disable                              0x0000107d   Thumb Code    12  i2c.o(.text.i2c_disable)
    i2c_enable                               0x00001089   Thumb Code    12  i2c.o(.text.i2c_enable)
    i2c_m_start                              0x00001095   Thumb Code    12  i2c.o(.text.i2c_m_start)
    i2c_m_stop                               0x000010a1   Thumb Code    12  i2c.o(.text.i2c_m_stop)
    i2c_nack                                 0x000010ad   Thumb Code    12  i2c.o(.text.i2c_nack)
    i2c_rec                                  0x000010b9   Thumb Code    12  i2c.o(.text.i2c_rec)
    i2c_recv                                 0x000010c5   Thumb Code     8  i2c.o(.text.i2c_recv)
    i2c_send                                 0x000010cd   Thumb Code     8  i2c.o(.text.i2c_send)
    i2c_tran                                 0x000010d9   Thumb Code    12  i2c.o(.text.i2c_tran)
    i2c_wait                                 0x000010e9   Thumb Code    80  i2c.o(.text.i2c_wait)
    main                                     0x00001145   Thumb Code   560  main.o(.text.main)
    __aeabi_uidiv                            0x00001429   Thumb Code    68  aeabi_sdivfast.o(.text_divfast)
    __aeabi_idiv                             0x0000146d   Thumb Code   434  aeabi_sdivfast.o(.text_divfast)
    _is_digit                                0x0000161f   Thumb Code    14  __printf_wp.o(i._is_digit)
    _get_lc_ctype                            0x0000162d   Thumb Code    44  lc_ctype_c.o(locale$$code)
    Region$$Table$$Base                      0x000016c0   Number         0  anon$$obj.o(Region$$Table)
    Region$$Table$$Limit                     0x000016e0   Number         0  anon$$obj.o(Region$$Table)
    __ctype                                  0x000016ed   Data           0  lc_ctype_c.o(locale$$data)
    SystemCoreClock                          0x1ffffc00   Data           4  system_mkl05z4.o(.data.SystemCoreClock)
    _random_number_data                      0x1ffffc08   Data         228  rand.o(.bss)
    __libspace_start                         0x1ffffcec   Data          96  libspace.o(.bss)
    __temporary_stack_top$libspace           0x1ffffd4c   Data           0  libspace.o(.bss)
    dummy                                    0x1ffffd4c   Data           1  i2c.o(.bss.dummy)
    time_ms                                  0x1ffffd50   Data           4  tpm.o(.bss.time_ms)
    timer_ms                                 0x1ffffd54   Data           4  main.o(.bss.timer_ms)



==============================================================================

Memory Map of the image

  Image Entry point : 0x000000c1

  Load Region LR_IROM1 (Base: 0x00000000, Size: 0x000017f8, Max: 0x00008000, ABSOLUTE)

    Execution Region ER_IROM1 (Exec base: 0x00000000, Load base: 0x00000000, Size: 0x000017f0, Max: 0x00008000, ABSOLUTE)

    Exec Addr    Load Addr    Size         Type   Attr      Idx    E Section Name        Object

    0x00000000   0x00000000   0x000000c0   Data   RO          164    RESET               startup_mkl05z4.o
    0x000000c0   0x000000c0   0x00000008   Code   RO          276  * !!!main             c_p.l(__main.o)
    0x000000c8   0x000000c8   0x0000003c   Code   RO          481    !!!scatter          c_p.l(__scatter.o)
    0x00000104   0x00000104   0x0000001a   Code   RO          483    !!handler_copy      c_p.l(__scatter_copy.o)
    0x0000011e   0x0000011e   0x00000002   PAD
    0x00000120   0x00000120   0x0000001c   Code   RO          485    !!handler_zi        c_p.l(__scatter_zi.o)
    0x0000013c   0x0000013c   0x00000002   Code   RO          259    .ARM.Collect$$_printf_percent$$00000000  c_p.l(_printf_percent.o)
    0x0000013e   0x0000013e   0x0000000a   Code   RO          256    .ARM.Collect$$_printf_percent$$00000008  c_p.l(_printf_i.o)
    0x00000148   0x00000148   0x0000000a   Code   RO          257    .ARM.Collect$$_printf_percent$$00000009  c_p.l(_printf_d.o)
    0x00000152   0x00000152   0x0000000a   Code   RO          258    .ARM.Collect$$_printf_percent$$0000000A  c_p.l(_printf_u.o)
    0x0000015c   0x0000015c   0x0000000a   Code   RO          255    .ARM.Collect$$_printf_percent$$0000000B  c_p.l(_printf_o.o)
    0x00000166   0x00000166   0x0000000a   Code   RO          254    .ARM.Collect$$_printf_percent$$0000000C  c_p.l(_printf_x.o)
    0x00000170   0x00000170   0x0000000a   Code   RO          294    .ARM.Collect$$_printf_percent$$00000012  c_p.l(_printf_l.o)
    0x0000017a   0x0000017a   0x0000000a   Code   RO          253    .ARM.Collect$$_printf_percent$$00000013  c_p.l(_printf_c.o)
    0x00000184   0x00000184   0x0000000a   Code   RO          260    .ARM.Collect$$_printf_percent$$00000015  c_p.l(_printf_lc.o)
    0x0000018e   0x0000018e   0x00000004   Code   RO          293    .ARM.Collect$$_printf_percent$$00000017  c_p.l(_printf_percent_end.o)
    0x00000192   0x00000192   0x00000002   Code   RO          395    .ARM.Collect$$libinit$$00000000  c_p.l(libinit.o)
    0x00000194   0x00000194   0x00000000   Code   RO          300    .ARM.Collect$$libinit$$00000002  c_p.l(libinit2.o)
    0x00000194   0x00000194   0x00000000   Code   RO          302    .ARM.Collect$$libinit$$00000004  c_p.l(libinit2.o)
    0x00000194   0x00000194   0x00000000   Code   RO          305    .ARM.Collect$$libinit$$0000000A  c_p.l(libinit2.o)
    0x00000194   0x00000194   0x00000000   Code   RO          307    .ARM.Collect$$libinit$$0000000C  c_p.l(libinit2.o)
    0x00000194   0x00000194   0x00000004   Code   RO          308    .ARM.Collect$$libinit$$0000000D  c_p.l(libinit2.o)
    0x00000198   0x00000198   0x00000000   Code   RO          309    .ARM.Collect$$libinit$$0000000E  c_p.l(libinit2.o)
    0x00000198   0x00000198   0x00000006   Code   RO          310    .ARM.Collect$$libinit$$0000000F  c_p.l(libinit2.o)
    0x0000019e   0x0000019e   0x00000000   Code   RO          312    .ARM.Collect$$libinit$$00000011  c_p.l(libinit2.o)
    0x0000019e   0x0000019e   0x0000000c   Code   RO          313    .ARM.Collect$$libinit$$00000012  c_p.l(libinit2.o)
    0x000001aa   0x000001aa   0x00000000   Code   RO          314    .ARM.Collect$$libinit$$00000013  c_p.l(libinit2.o)
    0x000001aa   0x000001aa   0x00000000   Code   RO          316    .ARM.Collect$$libinit$$00000015  c_p.l(libinit2.o)
    0x000001aa   0x000001aa   0x00000000   Code   RO          318    .ARM.Collect$$libinit$$00000017  c_p.l(libinit2.o)
    0x000001aa   0x000001aa   0x00000000   Code   RO          320    .ARM.Collect$$libinit$$00000019  c_p.l(libinit2.o)
    0x000001aa   0x000001aa   0x00000000   Code   RO          322    .ARM.Collect$$libinit$$0000001B  c_p.l(libinit2.o)
    0x000001aa   0x000001aa   0x00000000   Code   RO          324    .ARM.Collect$$libinit$$0000001D  c_p.l(libinit2.o)
    0x000001aa   0x000001aa   0x00000000   Code   RO          326    .ARM.Collect$$libinit$$0000001F  c_p.l(libinit2.o)
    0x000001aa   0x000001aa   0x00000000   Code   RO          328    .ARM.Collect$$libinit$$00000021  c_p.l(libinit2.o)
    0x000001aa   0x000001aa   0x00000000   Code   RO          330    .ARM.Collect$$libinit$$00000023  c_p.l(libinit2.o)
    0x000001aa   0x000001aa   0x00000000   Code   RO          332    .ARM.Collect$$libinit$$00000025  c_p.l(libinit2.o)
    0x000001aa   0x000001aa   0x00000000   Code   RO          336    .ARM.Collect$$libinit$$0000002C  c_p.l(libinit2.o)
    0x000001aa   0x000001aa   0x00000000   Code   RO          338    .ARM.Collect$$libinit$$0000002E  c_p.l(libinit2.o)
    0x000001aa   0x000001aa   0x00000000   Code   RO          340    .ARM.Collect$$libinit$$00000030  c_p.l(libinit2.o)
    0x000001aa   0x000001aa   0x00000000   Code   RO          342    .ARM.Collect$$libinit$$00000032  c_p.l(libinit2.o)
    0x000001aa   0x000001aa   0x00000002   Code   RO          343    .ARM.Collect$$libinit$$00000033  c_p.l(libinit2.o)
    0x000001ac   0x000001ac   0x00000002   Code   RO          448    .ARM.Collect$$libshutdown$$00000000  c_p.l(libshutdown.o)
    0x000001ae   0x000001ae   0x00000000   Code   RO          464    .ARM.Collect$$libshutdown$$00000002  c_p.l(libshutdown2.o)
    0x000001ae   0x000001ae   0x00000000   Code   RO          466    .ARM.Collect$$libshutdown$$00000004  c_p.l(libshutdown2.o)
    0x000001ae   0x000001ae   0x00000000   Code   RO          469    .ARM.Collect$$libshutdown$$00000007  c_p.l(libshutdown2.o)
    0x000001ae   0x000001ae   0x00000000   Code   RO          472    .ARM.Collect$$libshutdown$$0000000A  c_p.l(libshutdown2.o)
    0x000001ae   0x000001ae   0x00000000   Code   RO          474    .ARM.Collect$$libshutdown$$0000000C  c_p.l(libshutdown2.o)
    0x000001ae   0x000001ae   0x00000000   Code   RO          477    .ARM.Collect$$libshutdown$$0000000F  c_p.l(libshutdown2.o)
    0x000001ae   0x000001ae   0x00000002   Code   RO          478    .ARM.Collect$$libshutdown$$00000010  c_p.l(libshutdown2.o)
    0x000001b0   0x000001b0   0x00000000   Code   RO          278    .ARM.Collect$$rtentry$$00000000  c_p.l(__rtentry.o)
    0x000001b0   0x000001b0   0x00000000   Code   RO          345    .ARM.Collect$$rtentry$$00000002  c_p.l(__rtentry2.o)
    0x000001b0   0x000001b0   0x00000006   Code   RO          357    .ARM.Collect$$rtentry$$00000004  c_p.l(__rtentry4.o)
    0x000001b6   0x000001b6   0x00000000   Code   RO          347    .ARM.Collect$$rtentry$$00000009  c_p.l(__rtentry2.o)
    0x000001b6   0x000001b6   0x00000004   Code   RO          348    .ARM.Collect$$rtentry$$0000000A  c_p.l(__rtentry2.o)
    0x000001ba   0x000001ba   0x00000000   Code   RO          350    .ARM.Collect$$rtentry$$0000000C  c_p.l(__rtentry2.o)
    0x000001ba   0x000001ba   0x00000008   Code   RO          351    .ARM.Collect$$rtentry$$0000000D  c_p.l(__rtentry2.o)
    0x000001c2   0x000001c2   0x00000002   Code   RO          404    .ARM.Collect$$rtexit$$00000000  c_p.l(rtexit.o)
    0x000001c4   0x000001c4   0x00000000   Code   RO          428    .ARM.Collect$$rtexit$$00000002  c_p.l(rtexit2.o)
    0x000001c4   0x000001c4   0x00000004   Code   RO          429    .ARM.Collect$$rtexit$$00000003  c_p.l(rtexit2.o)
    0x000001c8   0x000001c8   0x00000006   Code   RO          430    .ARM.Collect$$rtexit$$00000004  c_p.l(rtexit2.o)
    0x000001ce   0x000001ce   0x00000002   PAD
    0x000001d0   0x000001d0   0x00000038   Code   RO          261    .emb_text           c_p.l(rand.o)
    0x00000208   0x00000208   0x00000034   Code   RO          166    .text               startup_mkl05z4.o
    0x0000023c   0x0000023c   0x00000028   Code   RO          191    .text               c_p.l(noretval__2sprintf.o)
    0x00000264   0x00000264   0x0000004e   Code   RO          195    .text               c_p.l(_printf_pad.o)
    0x000002b2   0x000002b2   0x00000024   Code   RO          197    .text               c_p.l(_printf_truncate.o)
    0x000002d6   0x000002d6   0x00000052   Code   RO          199    .text               c_p.l(_printf_str.o)
    0x00000328   0x00000328   0x0000006c   Code   RO          201    .text               c_p.l(_printf_dec.o)
    0x00000394   0x00000394   0x00000050   Code   RO          208    .text               c_p.l(_printf_oct_int.o)
    0x000003e4   0x000003e4   0x00000006   Code   RO          274    .text               c_p.l(heapauxi.o)
    0x000003ea   0x000003ea   0x0000000a   Code   RO          287    .text               c_p.l(_sputc.o)
    0x000003f4   0x000003f4   0x00000008   Code   RO          375    .text               c_p.l(rt_locale_intlibspace.o)
    0x000003fc   0x000003fc   0x00000002   Code   RO          424    .text               c_p.l(use_no_semi.o)
    0x000003fe   0x000003fe   0x00000000   Code   RO          426    .text               c_p.l(indicate_semi.o)
    0x000003fe   0x000003fe   0x00000002   PAD
    0x00000400   0x00000400   0x00000010   Code   RO          165    .ARM.__at_0x400     startup_mkl05z4.o
    0x00000410   0x00000410   0x000000bc   Code   RO          203    .text               c_p.l(_printf_wctomb.o)
    0x000004cc   0x000004cc   0x00000058   Code   RO          215    .text               c_p.l(_printf_hex_int.o)
    0x00000524   0x00000524   0x00000188   Code   RO          250    .text               c_p.l(__printf_flags_ss_wp.o)
    0x000006ac   0x000006ac   0x0000003c   Code   RO          262    .text               c_p.l(rand.o)
    0x000006e8   0x000006e8   0x000001f8   Code   RO          266    .text               c_p.l(aeabi_sdivfast.o)
    0x000008e0   0x000008e0   0x000000b0   Code   RO          283    .text               c_p.l(_printf_intcommon.o)
    0x00000990   0x00000990   0x00000030   Code   RO          285    .text               c_p.l(_printf_char_common.o)
    0x000009c0   0x000009c0   0x0000002e   Code   RO          289    .text               c_p.l(_printf_char.o)
    0x000009ee   0x000009ee   0x0000002e   Code   RO          291    .text               c_p.l(_printf_wchar.o)
    0x00000a1c   0x00000a1c   0x00000042   Code   RO          295    .text               c_p.l(_c16rtomb.o)
    0x00000a5e   0x00000a5e   0x00000028   Code   RO          297    .text               c_p.l(rtudiv10.o)
    0x00000a86   0x00000a86   0x00000002   PAD
    0x00000a88   0x00000a88   0x00000010   Code   RO          359    .text               c_p.l(rt_ctype_table.o)
    0x00000a98   0x00000a98   0x0000003e   Code   RO          369    .text               c_p.l(sys_stackheap_outer.o)
    0x00000ad6   0x00000ad6   0x00000010   Code   RO          380    .text               c_p.l(exit.o)
    0x00000ae6   0x00000ae6   0x00000002   PAD
    0x00000ae8   0x00000ae8   0x00000008   Code   RO          400    .text               c_p.l(libspace.o)
    0x00000af0   0x00000af0   0x000000b0   Code   RO          418    .text               c_p.l(strcmpv6m.o)
    0x00000ba0   0x00000ba0   0x0000000c   Code   RO          420    .text               c_p.l(sys_exit.o)
    0x00000bac   0x00000bac   0x00000034   Code   RO          101    .text.Buttons_Init  buttons.o
    0x00000be0   0x00000be0   0x00000018   Code   RO            8    .text.Delay_SysTick_ms  main.o
    0x00000bf8   0x00000bf8   0x0000004c   Code   RO          113    .text.I2C_Init      i2c.o
    0x00000c44   0x00000c44   0x00000050   Code   RO          133    .text.I2C_Read      i2c.o
    0x00000c94   0x00000c94   0x00000040   Code   RO          131    .text.I2C_Write     i2c.o
    0x00000cd4   0x00000cd4   0x00000044   Code   RO          103    .text.IsButtonPressed  buttons.o
    0x00000d18   0x00000d18   0x000000c8   Code   RO           57    .text.LCD1602_BF_AC  lcd1602.o
    0x00000de0   0x00000de0   0x00000010   Code   RO           51    .text.LCD1602_Backlight  lcd1602.o
    0x00000df0   0x00000df0   0x00000028   Code   RO           31    .text.LCD1602_CheckAddress  lcd1602.o
    0x00000e18   0x00000e18   0x0000000c   Code   RO           43    .text.LCD1602_ClearAll  lcd1602.o
    0x00000e24   0x00000e24   0x0000004c   Code   RO           29    .text.LCD1602_Init  lcd1602.o
    0x00000e70   0x00000e70   0x00000020   Code   RO           45    .text.LCD1602_Print  lcd1602.o
    0x00000e90   0x00000e90   0x0000001a   Code   RO           55    .text.LCD1602_Write4  lcd1602.o
    0x00000eaa   0x00000eaa   0x00000028   Code   RO           33    .text.LCD1602_Write8  lcd1602.o
    0x00000ed2   0x00000ed2   0x00000002   PAD
    0x00000ed4   0x00000ed4   0x0000002c   Code   RO           53    .text.PCF8574_Write  lcd1602.o
    0x00000f00   0x00000f00   0x00000028   Code   RO           10    .text.PlayStartSignal  main.o
    0x00000f28   0x00000f28   0x0000002c   Code   RO           12    .text.RestartGame   main.o
    0x00000f54   0x00000f54   0x00000020   Code   RO            4    .text.SysTick_Config  main.o
    0x00000f74   0x00000f74   0x00000010   Code   RO            6    .text.SysTick_Handler  main.o
    0x00000f84   0x00000f84   0x00000018   Code   RO            2    .text.SysTick_Init  main.o
    0x00000f9c   0x00000f9c   0x0000004c   Code   RO          175    .text.SystemInit    system_mkl05z4.o
    0x00000fe8   0x00000fe8   0x00000024   Code   RO           90    .text.TPM0_IRQHandler  tpm.o
    0x0000100c   0x0000100c   0x0000003c   Code   RO           82    .text.TPM_Init      tpm.o
    0x00001048   0x00001048   0x00000010   Code   RO           84    .text.__NVIC_EnableIRQ  tpm.o
    0x00001058   0x00001058   0x00000018   Code   RO           16    .text.__NVIC_SetPriority  main.o
    0x00001070   0x00001070   0x0000000c   Code   RO          145    .text.i2c_clr_IICIF  i2c.o
    0x0000107c   0x0000107c   0x0000000c   Code   RO          129    .text.i2c_disable   i2c.o
    0x00001088   0x00001088   0x0000000c   Code   RO          117    .text.i2c_enable    i2c.o
    0x00001094   0x00001094   0x0000000c   Code   RO          121    .text.i2c_m_start   i2c.o
    0x000010a0   0x000010a0   0x0000000c   Code   RO          127    .text.i2c_m_stop    i2c.o
    0x000010ac   0x000010ac   0x0000000c   Code   RO          137    .text.i2c_nack      i2c.o
    0x000010b8   0x000010b8   0x0000000c   Code   RO          135    .text.i2c_rec       i2c.o
    0x000010c4   0x000010c4   0x00000008   Code   RO          139    .text.i2c_recv      i2c.o
    0x000010cc   0x000010cc   0x0000000c   Code   RO          123    .text.i2c_send      i2c.o
    0x000010d8   0x000010d8   0x00000010   Code   RO          119    .text.i2c_tran      i2c.o
    0x000010e8   0x000010e8   0x0000005c   Code   RO          125    .text.i2c_wait      i2c.o
    0x00001144   0x00001144   0x000002e4   Code   RO           14    .text.main          main.o
    0x00001428   0x00001428   0x000001f6   Code   RO          267    .text_divfast       c_p.l(aeabi_sdivfast.o)
    0x0000161e   0x0000161e   0x0000000e   Code   RO          243    i._is_digit         c_p.l(__printf_wp.o)
    0x0000162c   0x0000162c   0x0000002c   Code   RO          378    locale$$code        c_p.l(lc_ctype_c.o)
    0x00001658   0x00001658   0x00000008   Data   RO          204    .constdata          c_p.l(_printf_wctomb.o)
    0x00001660   0x00001660   0x00000028   Data   RO          216    .constdata          c_p.l(_printf_hex_int.o)
    0x00001688   0x00001688   0x00000011   Data   RO          251    .constdata          c_p.l(__printf_flags_ss_wp.o)
    0x00001699   0x00001699   0x00000026   Data   RO           19    .rodata.str1.1      main.o
    0x000016bf   0x000016bf   0x00000001   PAD
    0x000016c0   0x000016c0   0x00000020   Data   RO          480    Region$$Table       anon$$obj.o
    0x000016e0   0x000016e0   0x00000110   Data   RO          377    locale$$data        c_p.l(lc_ctype_c.o)


    Execution Region RW_IRAM1 (Exec base: 0x1ffffc00, Load base: 0x000017f0, Size: 0x00000458, Max: 0x00001000, ABSOLUTE)

    Exec Addr    Load Addr    Size         Type   Attr      Idx    E Section Name        Object

    0x1ffffc00   0x000017f0   0x00000004   Data   RW          179    .data.SystemCoreClock  system_mkl05z4.o
    0x1ffffc04   0x000017f4   0x00000001   Data   RW           72    .data.lcd_backlight  lcd1602.o
    0x1ffffc05   0x000017f5   0x00000003   PAD
    0x1ffffc08        -       0x000000e4   Zero   RW          263    .bss                c_p.l(rand.o)
    0x1ffffcec        -       0x00000060   Zero   RW          401    .bss                c_p.l(libspace.o)
    0x1ffffd4c        -       0x00000001   Zero   RW          154    .bss.dummy          i2c.o
    0x1ffffd4d        -       0x00000001   Zero   RW          153    .bss.error          i2c.o
    0x1ffffd4e        -       0x00000001   Zero   RW           73    .bss.pcf_address    lcd1602.o
    0x1ffffd4f   0x000017f5   0x00000001   PAD
    0x1ffffd50        -       0x00000004   Zero   RW           92    .bss.time_ms        tpm.o
    0x1ffffd54        -       0x00000004   Zero   RW           18    .bss.timer_ms       main.o
    0x1ffffd58        -       0x00000000   Zero   RW          163    HEAP                startup_mkl05z4.o
    0x1ffffd58        -       0x00000300   Zero   RW          162    STACK               startup_mkl05z4.o


==============================================================================

Image component sizes


      Code (inc. data)   RO Data    RW Data    ZI Data      Debug   Object Name

       120         32          0          0          0       2088   buttons.o
       432         40          0          0          2       5301   i2c.o
       486         12          0          1          1       5293   lcd1602.o
       944        216         38          0          4       5709   main.o
        68         38        192          0        768        940   startup_mkl05z4.o
        76         16          0          4          0       2329   system_mkl05z4.o
       112         20          0          0          4       3656   tpm.o

    ----------------------------------------------------------------------
      2240        374        263          8        780      25316   Object Totals
         0          0         32          0          0          0   (incl. Generated)
         2          0          1          3          1          0   (incl. Padding)

    ----------------------------------------------------------------------

      Code (inc. data)   RO Data    RW Data    ZI Data      Debug   Library Member Name

         8          0          0          0          0         68   __main.o
       392          6         17          0          0         76   __printf_flags_ss_wp.o
        14          0          0          0          0         60   __printf_wp.o
         0          0          0          0          0          0   __rtentry.o
        12          0          0          0          0          0   __rtentry2.o
         6          0          0          0          0          0   __rtentry4.o
        60          8          0          0          0          0   __scatter.o
        26          0          0          0          0          0   __scatter_copy.o
        28          0          0          0          0          0   __scatter_zi.o
        66          0          0          0          0         76   _c16rtomb.o
        10          0          0          0          0          0   _printf_c.o
        46          0          0          0          0        100   _printf_char.o
        48          6          0          0          0         88   _printf_char_common.o
        10          0          0          0          0          0   _printf_d.o
       108         18          0          0          0         76   _printf_dec.o
        88          4         40          0          0         72   _printf_hex_int.o
        10          0          0          0          0          0   _printf_i.o
       176          0          0          0          0         84   _printf_intcommon.o
        10          0          0          0          0          0   _printf_l.o
        10          0          0          0          0          0   _printf_lc.o
        10          0          0          0          0          0   _printf_o.o
        80          8          0          0          0         72   _printf_oct_int.o
        78          0          0          0          0        100   _printf_pad.o
         2          0          0          0          0          0   _printf_percent.o
         4          0          0          0          0          0   _printf_percent_end.o
        82          0          0          0          0         72   _printf_str.o
        36          0          0          0          0         76   _printf_truncate.o
        10          0          0          0          0          0   _printf_u.o
        46          0          0          0          0        100   _printf_wchar.o
       188          6          8          0          0         80   _printf_wctomb.o
        10          0          0          0          0          0   _printf_x.o
        10          0          0          0          0         60   _sputc.o
      1006          4          0          0          0        184   aeabi_sdivfast.o
        16          0          0          0          0         68   exit.o
         6          0          0          0          0        136   heapauxi.o
         0          0          0          0          0          0   indicate_semi.o
        44         10        272          0          0         76   lc_ctype_c.o
         2          0          0          0          0          0   libinit.o
        24          0          0          0          0          0   libinit2.o
         2          0          0          0          0          0   libshutdown.o
         2          0          0          0          0          0   libshutdown2.o
         8          4          0          0         96         68   libspace.o
        40          4          0          0          0         84   noretval__2sprintf.o
       116         16          0          0        228        156   rand.o
        16          4          0          0          0         76   rt_ctype_table.o
         8          4          0          0          0         68   rt_locale_intlibspace.o
         2          0          0          0          0          0   rtexit.o
        10          0          0          0          0          0   rtexit2.o
        40          0          0          0          0         60   rtudiv10.o
       176          4          0          0          0         80   strcmpv6m.o
        12          4          0          0          0         60   sys_exit.o
        62          0          0          0          0         80   sys_stackheap_outer.o
         2          0          0          0          0         68   use_no_semi.o

    ----------------------------------------------------------------------
      3288        110        337          0        324       2524   Library Totals
        10          0          0          0          0          0   (incl. Padding)

    ----------------------------------------------------------------------

      Code (inc. data)   RO Data    RW Data    ZI Data      Debug   Library Name

      3278        110        337          0        324       2524   c_p.l

    ----------------------------------------------------------------------
      3288        110        337          0        324       2524   Library Totals

    ----------------------------------------------------------------------

==============================================================================


      Code (inc. data)   RO Data    RW Data    ZI Data      Debug   

      5528        484        600          8       1104      26492   Grand Totals
      5528        484        600          8       1104      26492   ELF Image Totals
      5528        484        600          8          0          0   ROM Totals

==============================================================================

    Total RO  Size (Code + RO Data)                 6128 (   5.98kB)
    Total RW  Size (RW Data + ZI Data)              1112 (   1.09kB)
    Total ROM Size (Code + RO Data + RW Data)       6136 (   5.99kB)

==============================================================================

